[INFO] [launch]: All log files can be found below /home/symoon/.ros/log/2026-05-15-14-19-59-254381-symoon-HP-ZBook-Create-G7-Notebook-PC-83037
[INFO] [launch]: Default logging verbosity is set to INFO
[INFO] [cartographer_node-1]: process started with pid [83039]
[cartographer_node-1] [INFO] [1778822399.343312122] [cartographer logger]: I0515 14:19:59.000000 83039 configuration_file_resolver.cc:41] Found '/home/symoon/Desktop/F1/Local_SLAM_Complete/local_SLAM_imu_wheel_ver4/src/SLAM/cartographer_ros/configuration_files/Damvi_localization_config_wheel.lua' for 'Damvi_localization_config_wheel.lua'.
[cartographer_node-1] [INFO] [1778822399.343989827] [cartographer logger]: I0515 14:19:59.000000 83039 configuration_file_resolver.cc:41] Found '/home/symoon/Desktop/F1/Local_SLAM_Complete/local_SLAM_imu_wheel_ver3/install/cartographer/share/cartographer/configuration_files/map_builder.lua' for 'map_builder.lua'.
[cartographer_node-1] [INFO] [1778822399.344062163] [cartographer logger]: I0515 14:19:59.000000 83039 configuration_file_resolver.cc:41] Found '/home/symoon/Desktop/F1/Local_SLAM_Complete/local_SLAM_imu_wheel_ver3/install/cartographer/share/cartographer/configuration_files/map_builder.lua' for 'map_builder.lua'.
[cartographer_node-1] [INFO] [1778822399.344108634] [cartographer logger]: I0515 14:19:59.000000 83039 configuration_file_resolver.cc:41] Found '/home/symoon/Desktop/F1/Local_SLAM_Complete/local_SLAM_imu_wheel_ver3/install/cartographer/share/cartographer/configuration_files/pose_graph.lua' for 'pose_graph.lua'.
[cartographer_node-1] [INFO] [1778822399.344129351] [cartographer logger]: I0515 14:19:59.000000 83039 configuration_file_resolver.cc:41] Found '/home/symoon/Desktop/F1/Local_SLAM_Complete/local_SLAM_imu_wheel_ver3/install/cartographer/share/cartographer/configuration_files/pose_graph.lua' for 'pose_graph.lua'.
[cartographer_node-1] [INFO] [1778822399.344257174] [cartographer logger]: I0515 14:19:59.000000 83039 configuration_file_resolver.cc:41] Found '/home/symoon/Desktop/F1/Local_SLAM_Complete/local_SLAM_imu_wheel_ver3/install/cartographer/share/cartographer/configuration_files/trajectory_builder.lua' for 'trajectory_builder.lua'.
[cartographer_node-1] [INFO] [1778822399.344300686] [cartographer logger]: I0515 14:19:59.000000 83039 configuration_file_resolver.cc:41] Found '/home/symoon/Desktop/F1/Local_SLAM_Complete/local_SLAM_imu_wheel_ver3/install/cartographer/share/cartographer/configuration_files/trajectory_builder.lua' for 'trajectory_builder.lua'.
[cartographer_node-1] [INFO] [1778822399.344372268] [cartographer logger]: I0515 14:19:59.000000 83039 configuration_file_resolver.cc:41] Found '/home/symoon/Desktop/F1/Local_SLAM_Complete/local_SLAM_imu_wheel_ver3/install/cartographer/share/cartographer/configuration_files/trajectory_builder_2d.lua' for 'trajectory_builder_2d.lua'.
[cartographer_node-1] [INFO] [1778822399.344394579] [cartographer logger]: I0515 14:19:59.000000 83039 configuration_file_resolver.cc:41] Found '/home/symoon/Desktop/F1/Local_SLAM_Complete/local_SLAM_imu_wheel_ver3/install/cartographer/share/cartographer/configuration_files/trajectory_builder_2d.lua' for 'trajectory_builder_2d.lua'.
[cartographer_node-1] [INFO] [1778822399.344554277] [cartographer logger]: I0515 14:19:59.000000 83039 configuration_file_resolver.cc:41] Found '/home/symoon/Desktop/F1/Local_SLAM_Complete/local_SLAM_imu_wheel_ver3/install/cartographer/share/cartographer/configuration_files/trajectory_builder_3d.lua' for 'trajectory_builder_3d.lua'.
[cartographer_node-1] [INFO] [1778822399.344579610] [cartographer logger]: I0515 14:19:59.000000 83039 configuration_file_resolver.cc:41] Found '/home/symoon/Desktop/F1/Local_SLAM_Complete/local_SLAM_imu_wheel_ver3/install/cartographer/share/cartographer/configuration_files/trajectory_builder_3d.lua' for 'trajectory_builder_3d.lua'.
[cartographer_node-1] [INFO] [1778822399.357161021] [cartographer logger]: I0515 14:19:59.000000 83039 map_builder_bridge.cpp:117] Loading saved state '/home/symoon/Desktop/F1/Local_SLAM_Complete/local_SLAM_imu_wheel_ver4/src/SLAM/cartographer_ros/pbstream/0312.pbstream'...
[cartographer_node-1] [INFO] [1778822399.430867961] [cartographer logger]: I0515 14:19:59.000000 83039 map_builder_bridge.cpp:140] Added trajectory with ID '1'.
[cartographer_node-1] [INFO] [1778822399.431001465] [cartographer logger]: I0515 14:19:59.000000 83039 pose_extrapolator.cc:218] Loaded pose extrapolator config from /home/symoon/Desktop/F1/Local_SLAM_Complete/local_SLAM_imu_wheel_ver4/parameter_trials/focus_ceres_occ70_tr15.yaml imu_weight=0.2 imu_delta_min=0.3 wheelodom_weight=0.01 process_noise=0.001 measurement_noise_scan_default=1.5e-06 measurement_noise_odom_default=0.0002
[cartographer_node-1] [INFO] [1778822399.431036052] [cartographer logger]: I0515 14:19:59.000000 83039 pose_extrapolator.cc:154] fusion is active
[cartographer_node-1] [INFO] [1778822404.690691271] [cartographer logger]: I0515 14:20:04.000000 83039 ordered_multi_queue.cc:172] All sensor data for trajectory 1 is available starting at '639089883933120203'.
[cartographer_node-1] [INFO] [1778822404.711223863] [cartographer logger]: I0515 14:20:04.000000 83039 local_trajectory_builder_2d.cc:187] Extrapolator not yet initialized.
[cartographer_node-1] [INFO] [1778822404.719433509] [cartographer logger]: I0515 14:20:04.000000 83039 local_trajectory_builder_2d.cc:461] Extrapolator not yet initialized.
[cartographer_node-1] [INFO] [1778822404.719544725] [cartographer logger]: I0515 14:20:04.000000 83039 pose_extrapolator.cc:218] Loaded pose extrapolator config from /home/symoon/Desktop/F1/Local_SLAM_Complete/local_SLAM_imu_wheel_ver4/parameter_trials/focus_ceres_occ70_tr15.yaml imu_weight=0.2 imu_delta_min=0.3 wheelodom_weight=0.01 process_noise=0.001 measurement_noise_scan_default=1.5e-06 measurement_noise_odom_default=0.0002
[cartographer_node-1] [INFO] [1778822404.719557671] [cartographer logger]: I0515 14:20:04.000000 83039 pose_extrapolator.cc:154] fusion is active
[cartographer_node-1] [INFO] [1778822404.719607443] [cartographer logger]: I0515 14:20:04.000000 83039 local_trajectory_builder_2d.cc:198] Extrapolator is still initializing.
[cartographer_node-1] [INFO] [1778822404.748555329] [cartographer logger]: I0515 14:20:04.000000 83039 pose_graph_2d.cc:148] Inserted submap (1, 0).
[cartographer_node-1] [INFO] [1778822404.761331091] [cartographer logger]: I0515 14:20:04.000000 83054 pose_graph_2d.cc:538] Remaining work items in queue: 0
[cartographer_node-1] [INFO] [1778822404.804812326] [cartographer logger]: I0515 14:20:04.000000 83055 constraint_builder_2d.cc:294] 1 computations resulted in 0 additional constraints.
[cartographer_node-1] [INFO] [1778822404.804887714] [cartographer logger]: I0515 14:20:04.000000 83055 constraint_builder_2d.cc:296] Score histogram:
[cartographer_node-1] Count: 0
[cartographer_node-1] [INFO] [1778822404.813619903] [cartographer logger]: I0515 14:20:04.000000 83055 pose_graph_2d.cc:538] Remaining work items in queue: 6
[cartographer_node-1] [INFO] [1778822404.813666647] [cartographer logger]: I0515 14:20:04.000000 83055 constraint_builder_2d.cc:294] 0 computations resulted in 0 additional constraints.
[cartographer_node-1] [INFO] [1778822404.813680114] [cartographer logger]: I0515 14:20:04.000000 83055 constraint_builder_2d.cc:296] Score histogram:
[cartographer_node-1] Count: 0
[cartographer_node-1] [INFO] [1778822404.854951585] [cartographer logger]: I0515 14:20:04.000000 83055 pose_graph_2d.cc:538] Remaining work items in queue: 0
[cartographer_node-1] [INFO] [1778822404.854988659] [cartographer logger]: I0515 14:20:04.000000 83055 constraint_builder_2d.cc:294] 0 computations resulted in 0 additional constraints.
[cartographer_node-1] [INFO] [1778822404.854999286] [cartographer logger]: I0515 14:20:04.000000 83055 constraint_builder_2d.cc:296] Score histogram:
[cartographer_node-1] Count: 0
[cartographer_node-1] [INFO] [1778822404.908197984] [cartographer logger]: I0515 14:20:04.000000 83054 pose_graph_2d.cc:538] Remaining work items in queue: 0
[cartographer_node-1] [INFO] [1778822404.908228544] [cartographer logger]: I0515 14:20:04.000000 83054 constraint_builder_2d.cc:294] 0 computations resulted in 0 additional constraints.
[cartographer_node-1] [INFO] [1778822404.908240427] [cartographer logger]: I0515 14:20:04.000000 83054 constraint_builder_2d.cc:296] Score histogram:
[cartographer_node-1] Count: 0
[cartographer_node-1] [INFO] [1778822404.959419028] [cartographer logger]: I0515 14:20:04.000000 83056 pose_graph_2d.cc:538] Remaining work items in queue: 1
[cartographer_node-1] [INFO] [1778822404.959455251] [cartographer logger]: I0515 14:20:04.000000 83056 constraint_builder_2d.cc:294] 0 computations resulted in 0 additional constraints.
[cartographer_node-1] [INFO] [1778822404.959465747] [cartographer logger]: I0515 14:20:04.000000 83056 constraint_builder_2d.cc:296] Score histogram:
[cartographer_node-1] Count: 0
[cartographer_node-1] [INFO] [1778822405.011915787] [cartographer logger]: I0515 14:20:05.000000 83054 pose_graph_2d.cc:538] Remaining work items in queue: 0
[cartographer_node-1] [INFO] [1778822405.011971059] [cartographer logger]: I0515 14:20:05.000000 83054 constraint_builder_2d.cc:294] 0 computations resulted in 0 additional constraints.
[cartographer_node-1] [INFO] [1778822405.011983315] [cartographer logger]: I0515 14:20:05.000000 83054 constraint_builder_2d.cc:296] Score histogram:
[cartographer_node-1] Count: 0
[cartographer_node-1] [INFO] [1778822405.054148269] [cartographer logger]: I0515 14:20:05.000000 83054 pose_graph_2d.cc:538] Remaining work items in queue: 2
[cartographer_node-1] [INFO] [1778822405.054175954] [cartographer logger]: I0515 14:20:05.000000 83054 constraint_builder_2d.cc:294] 0 computations resulted in 0 additional constraints.
[cartographer_node-1] [INFO] [1778822405.054185474] [cartographer logger]: I0515 14:20:05.000000 83054 constraint_builder_2d.cc:296] Score histogram:
[cartographer_node-1] Count: 0
[cartographer_node-1] [INFO] [1778822405.085664721] [cartographer logger]: I0515 14:20:05.000000 83056 pose_graph_2d.cc:538] Remaining work items in queue: 1
[cartographer_node-1] [INFO] [1778822405.110241906] [cartographer logger]: I0515 14:20:05.000000 83054 constraint_builder_2d.cc:294] 1 computations resulted in 0 additional constraints.
[cartographer_node-1] [INFO] [1778822405.110262635] [cartographer logger]: I0515 14:20:05.000000 83054 constraint_builder_2d.cc:296] Score histogram:
[cartographer_node-1] Count: 0
[cartographer_node-1] [INFO] [1778822405.168889736] [cartographer logger]: I0515 14:20:05.000000 83053 pose_graph_2d.cc:538] Remaining work items in queue: 1
[cartographer_node-1] [INFO] [1778822405.168944131] [cartographer logger]: I0515 14:20:05.000000 83053 constraint_builder_2d.cc:294] 0 computations resulted in 0 additional constraints.
[cartographer_node-1] [INFO] [1778822405.168962523] [cartographer logger]: I0515 14:20:05.000000 83053 constraint_builder_2d.cc:296] Score histogram:
[cartographer_node-1] Count: 0
[cartographer_node-1] [INFO] [1778822405.202795856] [cartographer logger]: I0515 14:20:05.000000 83054 pose_graph_2d.cc:538] Remaining work items in queue: 1
[cartographer_node-1] [INFO] [1778822405.202868654] [cartographer logger]: I0515 14:20:05.000000 83054 constraint_builder_2d.cc:294] 0 computations resulted in 0 additional constraints.
[cartographer_node-1] [INFO] [1778822405.202886609] [cartographer logger]: I0515 14:20:05.000000 83054 constraint_builder_2d.cc:296] Score histogram:
[cartographer_node-1] Count: 0
[cartographer_node-1] [INFO] [1778822405.256842106] [cartographer logger]: I0515 14:20:05.000000 83055 pose_graph_2d.cc:538] Remaining work items in queue: 1
[cartographer_node-1] [INFO] [1778822405.256916088] [cartographer logger]: I0515 14:20:05.000000 83055 constraint_builder_2d.cc:294] 0 computations resulted in 0 additional constraints.
[cartographer_node-1] [INFO] [1778822405.256928853] [cartographer logger]: I0515 14:20:05.000000 83055 constraint_builder_2d.cc:296] Score histogram:
[cartographer_node-1] Count: 0
[cartographer_node-1] [INFO] [1778822405.330263404] [cartographer logger]: I0515 14:20:05.000000 83055 pose_graph_2d.cc:538] Remaining work items in queue: 0
[cartographer_node-1] [INFO] [1778822405.330295460] [cartographer logger]: I0515 14:20:05.000000 83055 constraint_builder_2d.cc:294] 0 computations resulted in 0 additional constraints.
[cartographer_node-1] [INFO] [1778822405.330306189] [cartographer logger]: I0515 14:20:05.000000 83055 constraint_builder_2d.cc:296] Score histogram:
[cartographer_node-1] Count: 0
[cartographer_node-1] [INFO] [1778822405.496234473] [cartographer logger]: I0515 14:20:05.000000 83054 pose_graph_2d.cc:538] Remaining work items in queue: 1
[cartographer_node-1] [INFO] [1778822405.496285495] [cartographer logger]: I0515 14:20:05.000000 83054 constraint_builder_2d.cc:294] 0 computations resulted in 0 additional constraints.
[cartographer_node-1] [INFO] [1778822405.496297017] [cartographer logger]: I0515 14:20:05.000000 83054 constraint_builder_2d.cc:296] Score histogram:
[cartographer_node-1] Count: 0
[cartographer_node-1] [INFO] [1778822405.539079353] [cartographer logger]: I0515 14:20:05.000000 83056 pose_graph_2d.cc:538] Remaining work items in queue: 0
[cartographer_node-1] [INFO] [1778822405.539153415] [cartographer logger]: I0515 14:20:05.000000 83056 constraint_builder_2d.cc:294] 0 computations resulted in 0 additional constraints.
[cartographer_node-1] [INFO] [1778822405.539190708] [cartographer logger]: I0515 14:20:05.000000 83056 constraint_builder_2d.cc:296] Score histogram:
[cartographer_node-1] Count: 0
[cartographer_node-1] [INFO] [1778822405.554251508] [cartographer logger]: I0515 14:20:05.000000 83054 pose_graph_2d.cc:538] Remaining work items in queue: 1
[cartographer_node-1] [INFO] [1778822405.583701810] [cartographer logger]: I0515 14:20:05.000000 83055 constraint_builder_2d.cc:294] 1 computations resulted in 0 additional constraints.
[cartographer_node-1] [INFO] [1778822405.583763830] [cartographer logger]: I0515 14:20:05.000000 83055 constraint_builder_2d.cc:296] Score histogram:
[cartographer_node-1] Count: 0
[cartographer_node-1] [INFO] [1778822405.639920909] [cartographer logger]: I0515 14:20:05.000000 83055 pose_graph_2d.cc:538] Remaining work items in queue: 0
[cartographer_node-1] [INFO] [1778822405.639992918] [cartographer logger]: I0515 14:20:05.000000 83055 constraint_builder_2d.cc:294] 0 computations resulted in 0 additional constraints.
[cartographer_node-1] [INFO] [1778822405.640027483] [cartographer logger]: I0515 14:20:05.000000 83055 constraint_builder_2d.cc:296] Score histogram:
[cartographer_node-1] Count: 0
[cartographer_node-1] [INFO] [1778822405.683152310] [cartographer logger]: I0515 14:20:05.000000 83053 pose_graph_2d.cc:538] Remaining work items in queue: 1
[cartographer_node-1] [INFO] [1778822405.683185874] [cartographer logger]: I0515 14:20:05.000000 83053 constraint_builder_2d.cc:294] 0 computations resulted in 0 additional constraints.
[cartographer_node-1] [INFO] [1778822405.683197461] [cartographer logger]: I0515 14:20:05.000000 83053 constraint_builder_2d.cc:296] Score histogram:
[cartographer_node-1] Count: 0
[cartographer_node-1] [INFO] [1778822405.738445713] [cartographer logger]: I0515 14:20:05.000000 83056 pose_graph_2d.cc:538] Remaining work items in queue: 0
[cartographer_node-1] [INFO] [1778822405.738484972] [cartographer logger]: I0515 14:20:05.000000 83056 constraint_builder_2d.cc:294] 0 computations resulted in 0 additional constraints.
[cartographer_node-1] [INFO] [1778822405.738515339] [cartographer logger]: I0515 14:20:05.000000 83056 constraint_builder_2d.cc:296] Score histogram:
[cartographer_node-1] Count: 0
[cartographer_node-1] [INFO] [1778822405.753990750] [cartographer logger]: I0515 14:20:05.000000 83053 pose_graph_2d.cc:538] Remaining work items in queue: 1
[cartographer_node-1] [INFO] [1778822405.754042244] [cartographer logger]: I0515 14:20:05.000000 83053 constraint_builder_2d.cc:294] 0 computations resulted in 0 additional constraints.
[cartographer_node-1] [INFO] [1778822405.754054023] [cartographer logger]: I0515 14:20:05.000000 83053 constraint_builder_2d.cc:296] Score histogram:
[cartographer_node-1] Count: 0
[cartographer_node-1] [INFO] [1778822405.840402634] [cartographer logger]: I0515 14:20:05.000000 83054 pose_graph_2d.cc:538] Remaining work items in queue: 1
[cartographer_node-1] [INFO] [1778822405.840439140] [cartographer logger]: I0515 14:20:05.000000 83054 constraint_builder_2d.cc:294] 0 computations resulted in 0 additional constraints.
[cartographer_node-1] [INFO] [1778822405.840451483] [cartographer logger]: I0515 14:20:05.000000 83054 constraint_builder_2d.cc:296] Score histogram:
[cartographer_node-1] Count: 0
[cartographer_node-1] [INFO] [1778822405.888379768] [cartographer logger]: I0515 14:20:05.000000 83053 pose_graph_2d.cc:538] Remaining work items in queue: 0
[cartographer_node-1] [INFO] [1778822405.888441605] [cartographer logger]: I0515 14:20:05.000000 83053 constraint_builder_2d.cc:294] 0 computations resulted in 0 additional constraints.
[cartographer_node-1] [INFO] [1778822405.888477944] [cartographer logger]: I0515 14:20:05.000000 83053 constraint_builder_2d.cc:296] Score histogram:
[cartographer_node-1] Count: 0
[cartographer_node-1] [INFO] [1778822405.906289309] [cartographer logger]: I0515 14:20:05.000000 83055 pose_graph_2d.cc:538] Remaining work items in queue: 1
[cartographer_node-1] [INFO] [1778822405.968977705] [cartographer logger]: I0515 14:20:05.000000 83056 constraint_builder_2d.cc:294] 1 computations resulted in 0 additional constraints.
[cartographer_node-1] [INFO] [1778822405.969025301] [cartographer logger]: I0515 14:20:05.000000 83056 constraint_builder_2d.cc:296] Score histogram:
[cartographer_node-1] Count: 0
[cartographer_node-1] [INFO] [1778822405.994965594] [cartographer logger]: I0515 14:20:05.000000 83054 pose_graph_2d.cc:538] Remaining work items in queue: 0
[cartographer_node-1] [INFO] [1778822405.995046704] [cartographer logger]: I0515 14:20:05.000000 83054 constraint_builder_2d.cc:294] 0 computations resulted in 0 additional constraints.
[cartographer_node-1] [INFO] [1778822405.995089819] [cartographer logger]: I0515 14:20:05.000000 83054 constraint_builder_2d.cc:296] Score histogram:
[cartographer_node-1] Count: 0
[cartographer_node-1] [INFO] [1778822406.032826644] [cartographer logger]: I0515 14:20:06.000000 83054 pose_graph_2d.cc:538] Remaining work items in queue: 0
[cartographer_node-1] [INFO] [1778822406.032904384] [cartographer logger]: I0515 14:20:06.000000 83054 constraint_builder_2d.cc:294] 0 computations resulted in 0 additional constraints.
[cartographer_node-1] [INFO] [1778822406.032923708] [cartographer logger]: I0515 14:20:06.000000 83054 constraint_builder_2d.cc:296] Score histogram:
[cartographer_node-1] Count: 0
[cartographer_node-1] [INFO] [1778822406.080770519] [cartographer logger]: I0515 14:20:06.000000 83056 pose_graph_2d.cc:538] Remaining work items in queue: 0
[cartographer_node-1] [INFO] [1778822406.080811582] [cartographer logger]: I0515 14:20:06.000000 83056 constraint_builder_2d.cc:294] 0 computations resulted in 0 additional constraints.
[cartographer_node-1] [INFO] [1778822406.080828054] [cartographer logger]: I0515 14:20:06.000000 83056 constraint_builder_2d.cc:296] Score histogram:
[cartographer_node-1] Count: 0
[cartographer_node-1] [INFO] [1778822406.134606291] [cartographer logger]: I0515 14:20:06.000000 83054 pose_graph_2d.cc:538] Remaining work items in queue: 0
[cartographer_node-1] [INFO] [1778822406.134681616] [cartographer logger]: I0515 14:20:06.000000 83054 constraint_builder_2d.cc:294] 0 computations resulted in 0 additional constraints.
[cartographer_node-1] [INFO] [1778822406.134740312] [cartographer logger]: I0515 14:20:06.000000 83054 constraint_builder_2d.cc:296] Score histogram:
[cartographer_node-1] Count: 0
[cartographer_node-1] [INFO] [1778822406.183490705] [cartographer logger]: I0515 14:20:06.000000 83054 pose_graph_2d.cc:538] Remaining work items in queue: 0
[cartographer_node-1] [INFO] [1778822406.183556426] [cartographer logger]: I0515 14:20:06.000000 83054 constraint_builder_2d.cc:294] 0 computations resulted in 0 additional constraints.
[cartographer_node-1] [INFO] [1778822406.183578555] [cartographer logger]: I0515 14:20:06.000000 83054 constraint_builder_2d.cc:296] Score histogram:
[cartographer_node-1] Count: 0
[cartographer_node-1] [INFO] [1778822406.234271153] [cartographer logger]: I0515 14:20:06.000000 83053 pose_graph_2d.cc:538] Remaining work items in queue: 0
[cartographer_node-1] [INFO] [1778822406.234307339] [cartographer logger]: I0515 14:20:06.000000 83053 constraint_builder_2d.cc:294] 0 computations resulted in 0 additional constraints.
[cartographer_node-1] [INFO] [1778822406.234320539] [cartographer logger]: I0515 14:20:06.000000 83053 constraint_builder_2d.cc:296] Score histogram:
[cartographer_node-1] Count: 0
[cartographer_node-1] [INFO] [1778822406.281896218] [cartographer logger]: I0515 14:20:06.000000 83055 pose_graph_2d.cc:538] Remaining work items in queue: 0
[cartographer_node-1] [INFO] [1778822406.359483680] [cartographer logger]: I0515 14:20:06.000000 83053 constraint_builder_2d.cc:279] Node (1, 57) with 203 points on submap (0, 2) matches with score 71.9%.
[cartographer_node-1] [INFO] [1778822406.359547240] [cartographer logger]: I0515 14:20:06.000000 83053 constraint_builder_2d.cc:294] 1 computations resulted in 1 additional constraints.
[cartographer_node-1] [INFO] [1778822406.359618968] [cartographer logger]: I0515 14:20:06.000000 83053 constraint_builder_2d.cc:296] Score histogram:
[cartographer_node-1] Count: 1  Min: 0.718735  Max: 0.718735  Mean: 0.718735
[cartographer_node-1] [INFO] [1778822406.404438365] [cartographer logger]: I0515 14:20:06.000000 83053 pose_graph_2d.cc:538] Remaining work items in queue: 9
[cartographer_node-1] [INFO] [1778822406.404471067] [cartographer logger]: I0515 14:20:06.000000 83053 constraint_builder_2d.cc:294] 0 computations resulted in 0 additional constraints.
[cartographer_node-1] [INFO] [1778822406.404486016] [cartographer logger]: I0515 14:20:06.000000 83053 constraint_builder_2d.cc:296] Score histogram:
[cartographer_node-1] Count: 1  Min: 0.718735  Max: 0.718735  Mean: 0.718735
[cartographer_node-1] [INFO] [1778822406.416944670] [cartographer logger]: I0515 14:20:06.000000 83053 pose_graph_2d.cc:538] Remaining work items in queue: 5
[cartographer_node-1] [INFO] [1778822406.416980729] [cartographer logger]: I0515 14:20:06.000000 83053 constraint_builder_2d.cc:294] 0 computations resulted in 0 additional constraints.
[cartographer_node-1] [INFO] [1778822406.416995253] [cartographer logger]: I0515 14:20:06.000000 83053 constraint_builder_2d.cc:296] Score histogram:
[cartographer_node-1] Count: 1  Min: 0.718735  Max: 0.718735  Mean: 0.718735
[cartographer_node-1] [INFO] [1778822406.442151071] [cartographer logger]: I0515 14:20:06.000000 83056 pose_graph_2d.cc:538] Remaining work items in queue: 0
[cartographer_node-1] [INFO] [1778822406.442190886] [cartographer logger]: I0515 14:20:06.000000 83056 constraint_builder_2d.cc:294] 0 computations resulted in 0 additional constraints.
[cartographer_node-1] [INFO] [1778822406.442206821] [cartographer logger]: I0515 14:20:06.000000 83056 constraint_builder_2d.cc:296] Score histogram:
[cartographer_node-1] Count: 1  Min: 0.718735  Max: 0.718735  Mean: 0.718735
[cartographer_node-1] [INFO] [1778822406.487949196] [cartographer logger]: I0515 14:20:06.000000 83054 pose_graph_2d.cc:538] Remaining work items in queue: 0
[cartographer_node-1] [INFO] [1778822406.488028329] [cartographer logger]: I0515 14:20:06.000000 83054 constraint_builder_2d.cc:294] 0 computations resulted in 0 additional constraints.
[cartographer_node-1] [INFO] [1778822406.488049859] [cartographer logger]: I0515 14:20:06.000000 83054 constraint_builder_2d.cc:296] Score histogram:
[cartographer_node-1] Count: 1  Min: 0.718735  Max: 0.718735  Mean: 0.718735
[cartographer_node-1] [INFO] [1778822406.534672010] [cartographer logger]: I0515 14:20:06.000000 83054 pose_graph_2d.cc:538] Remaining work items in queue: 2
[cartographer_node-1] [INFO] [1778822406.534745699] [cartographer logger]: I0515 14:20:06.000000 83054 constraint_builder_2d.cc:294] 0 computations resulted in 0 additional constraints.
[cartographer_node-1] [INFO] [1778822406.534762467] [cartographer logger]: I0515 14:20:06.000000 83054 constraint_builder_2d.cc:296] Score histogram:
[cartographer_node-1] Count: 1  Min: 0.718735  Max: 0.718735  Mean: 0.718735
[cartographer_node-1] [INFO] [1778822406.590548524] [cartographer logger]: I0515 14:20:06.000000 83054 pose_graph_2d.cc:538] Remaining work items in queue: 1
[cartographer_node-1] [INFO] [1778822406.590606061] [cartographer logger]: I0515 14:20:06.000000 83054 constraint_builder_2d.cc:294] 0 computations resulted in 0 additional constraints.
[cartographer_node-1] [INFO] [1778822406.590621573] [cartographer logger]: I0515 14:20:06.000000 83054 constraint_builder_2d.cc:296] Score histogram:
[cartographer_node-1] Count: 1  Min: 0.718735  Max: 0.718735  Mean: 0.718735
[cartographer_node-1] [INFO] [1778822406.639956856] [cartographer logger]: I0515 14:20:06.000000 83055 pose_graph_2d.cc:538] Remaining work items in queue: 0
[cartographer_node-1] [INFO] [1778822406.644531404] [rclcpp]: signal_handler(SIGINT/SIGTERM)
[cartographer_node-1] [WARN] [1778822406.651448856] [cartographer logger]: W0515 14:20:06.000000 83039 tf_bridge.cpp:53] Lookup would require extrapolation into the future.  Requested time 1773391595.324014 but the latest data is at time 1773391595.304039, when looking up transform from frame [laser] to frame [imu]
[cartographer_node-1] [INFO] [1778822406.651898435] [cartographer logger]: I0515 14:20:06.000000 83039 node.cpp:583] Shutdown the subscriber of [scan]
[cartographer_node-1] [INFO] [1778822406.652092720] [cartographer logger]: I0515 14:20:06.000000 83039 node.cpp:583] Shutdown the subscriber of [imu]
[cartographer_node-1] [INFO] [1778822406.652283513] [cartographer logger]: I0515 14:20:06.000000 83039 node.cpp:583] Shutdown the subscriber of [odom_wheel]
[cartographer_node-1] [INFO] [1778822406.652299412] [cartographer logger]: I0515 14:20:06.000000 83039 map_builder_bridge.cpp:156] Finishing trajectory with ID '1'...
[cartographer_node-1] [WARN] [1778822406.658696959] [cartographer logger]: W0515 14:20:06.000000 83039 node.cpp:787] Can't run final optimization if there are one or more active trajectories. Trying to finish trajectory with ID 1 now.
[cartographer_node-1] [INFO] [1778822406.658726429] [cartographer logger]: I0515 14:20:06.000000 83039 node.cpp:565] Trajectory 1 already pending to finish.
[cartographer_node-1] [INFO] [1778822406.658755044] [cartographer logger]: I0515 14:20:06.000000 83039 map_builder_bridge.cpp:165] Running final trajectory optimization...
[cartographer_node-1] [INFO] [1778822406.730408887] [cartographer logger]: I0515 14:20:06.000000 83053 constraint_builder_2d.cc:294] 1 computations resulted in 0 additional constraints.
[cartographer_node-1] [INFO] [1778822406.730426705] [cartographer logger]: I0515 14:20:06.000000 83053 constraint_builder_2d.cc:296] Score histogram:
[cartographer_node-1] Count: 1  Min: 0.718735  Max: 0.718735  Mean: 0.718735
[cartographer_node-1] [INFO] [1778822406.741059419] [cartographer logger]: I0515 14:20:06.000000 83053 pose_graph_2d.cc:538] Remaining work items in queue: 3
[cartographer_node-1] [INFO] [1778822406.741105831] [cartographer logger]: I0515 14:20:06.000000 83053 constraint_builder_2d.cc:294] 0 computations resulted in 0 additional constraints.
[cartographer_node-1] [INFO] [1778822406.741119175] [cartographer logger]: I0515 14:20:06.000000 83053 constraint_builder_2d.cc:296] Score histogram:
[cartographer_node-1] Count: 1  Min: 0.718735  Max: 0.718735  Mean: 0.718735
[cartographer_node-1] [INFO] [1778822406.754026710] [cartographer logger]: I0515 14:20:06.000000 83053 pose_graph_2d.cc:538] Remaining work items in queue: 2
[cartographer_node-1] [INFO] [1778822406.754052883] [cartographer logger]: I0515 14:20:06.000000 83053 constraint_builder_2d.cc:294] 0 computations resulted in 0 additional constraints.
[cartographer_node-1] [INFO] [1778822406.754080722] [cartographer logger]: I0515 14:20:06.000000 83053 constraint_builder_2d.cc:296] Score histogram:
[cartographer_node-1] Count: 1  Min: 0.718735  Max: 0.718735  Mean: 0.718735
[cartographer_node-1] [INFO] [1778822406.765428141] [cartographer logger]: I0515 14:20:06.000000 83053 pose_graph_2d.cc:538] Remaining work items in queue: 1
[cartographer_node-1] [INFO] [1778822406.765508948] [cartographer logger]: I0515 14:20:06.000000 83053 constraint_builder_2d.cc:294] 0 computations resulted in 0 additional constraints.
[cartographer_node-1] [INFO] [1778822406.765543821] [cartographer logger]: I0515 14:20:06.000000 83053 constraint_builder_2d.cc:296] Score histogram:
[cartographer_node-1] Count: 1  Min: 0.718735  Max: 0.718735  Mean: 0.718735
[cartographer_node-1] [INFO] [1778822406.773408415] [cartographer logger]: I0515 14:20:06.000000 83054 constraint_builder_2d.cc:294] 0 computations resulted in 0 additional constraints.
[cartographer_node-1] [INFO] [1778822406.773455550] [cartographer logger]: I0515 14:20:06.000000 83054 constraint_builder_2d.cc:296] Score histogram:
[cartographer_node-1] Count: 1  Min: 0.718735  Max: 0.718735  Mean: 0.718735
[cartographer_node-1] [KOptimizing: Done.     
[cartographer_node-1] [INFO] [1778822406.776240531] [cartographer logger]: I0515 14:20:06.000000 83055 constraint_builder_2d.cc:294] 0 computations resulted in 0 additional constraints.
[cartographer_node-1] [INFO] [1778822406.776269235] [cartographer logger]: I0515 14:20:06.000000 83055 constraint_builder_2d.cc:296] Score histogram:
[cartographer_node-1] Count: 1  Min: 0.718735  Max: 0.718735  Mean: 0.718735
[cartographer_node-1] [KOptimizing: Done.     
[INFO] [cartographer_node-1]: process has finished cleanly [pid 83039]
