[WARN] [1779895349.822897036] [rcl]: ROS_LOCALHOST_ONLY is deprecated but still honored if it is enabled. Use ROS_AUTOMATIC_DISCOVERY_RANGE and ROS_STATIC_PEERS instead.
[WARN] [1779895349.822934376] [rcl]: 'localhost_only' is enabled, 'automatic_discovery_range' and 'static_peers' will be ignored.
{
  "duration_stamp": 57.49988102912903,
  "final_pose": {
    "x": 8.413167312081448,
    "y": 8.364019600856643,
    "yaw": -2.765342003725562
  },
  "first_odom_stamp": 1779099286.5505908,
  "imu_age_sec": {
    "max": 0.007881402969360352,
    "mean": -0.008350002848728192,
    "min": -0.018530607223510742,
    "p50": -0.007528424263000488,
    "p90": -0.002137899398803711,
    "p95": 0.006723165512084961
  },
  "last_odom_stamp": 1779099344.0504718,
  "odom_latency_sec": {
    "max": 0.02509760856628418,
    "mean": 0.0003270477783389208,
    "min": -2.384185791015625e-07,
    "p50": 0.0,
    "p90": 0.0,
    "p95": 2.384185791015625e-07
  },
  "odom_stamp_monotonic_errors": 0,
  "odom_wheel_age_sec": {
    "max": 0.02359914779663086,
    "mean": -0.0030239731177220362,
    "min": -0.021484375,
    "p50": -0.0014965534210205078,
    "p90": 0.008687973022460938,
    "p95": 0.008846044540405273
  },
  "samples": 1148,
  "scan_age_sec": {
    "max": 0.02640843391418457,
    "mean": -0.004678917678806425,
    "min": -0.019986629486083984,
    "p50": -0.004540085792541504,
    "p90": 0.006088972091674805,
    "p95": 0.010437726974487305
  },
  "tracked_pose_latency_sec": {
    "max": 0.02509760856628418,
    "mean": 0.0003270477783389208,
    "min": -2.384185791015625e-07,
    "p50": 0.0,
    "p90": 0.0,
    "p95": 2.384185791015625e-07
  },
  "tracked_to_odom_stamp_delta_sec": {
    "max": 0.0,
    "mean": 0.0,
    "min": 0.0,
    "p50": 0.0,
    "p90": 0.0,
    "p95": 0.0
  }
}
