[WARN] [1779894287.268176277] [rcl]: ROS_LOCALHOST_ONLY is deprecated but still honored if it is enabled. Use ROS_AUTOMATIC_DISCOVERY_RANGE and ROS_STATIC_PEERS instead.
[WARN] [1779894287.268205246] [rcl]: 'localhost_only' is enabled, 'automatic_discovery_range' and 'static_peers' will be ignored.
{
  "duration_stamp": 57.499990701675415,
  "final_pose": {
    "x": 1.8918546782731533,
    "y": 2.2529262988468073,
    "yaw": -1.3645758819976928
  },
  "first_odom_stamp": 1779099286.5755537,
  "imu_age_sec": {
    "max": 0.0030274391174316406,
    "mean": -0.007283350939534683,
    "min": -0.02351832389831543,
    "p50": -0.00835716724395752,
    "p90": 0.002487659454345703,
    "p95": 0.0025556087493896484
  },
  "last_odom_stamp": 1779099344.0755444,
  "odom_latency_sec": {
    "max": 0.025110244750976562,
    "mean": 0.00045735474662913676,
    "min": -2.384185791015625e-07,
    "p50": 0.0,
    "p90": 0.0,
    "p95": 2.384185791015625e-07
  },
  "odom_stamp_monotonic_errors": 0,
  "odom_wheel_age_sec": {
    "max": 0.018730640411376953,
    "mean": -0.002374461926649672,
    "min": -0.021624088287353516,
    "p50": -0.001387953758239746,
    "p90": 0.013537883758544922,
    "p95": 0.013715267181396484
  },
  "samples": 1148,
  "scan_age_sec": {
    "max": 0.020946502685546875,
    "mean": -0.0034748332425692356,
    "min": -0.0249478816986084,
    "p50": -0.0037654638290405273,
    "p90": 0.010571002960205078,
    "p95": 0.01112818717956543
  },
  "tracked_pose_latency_sec": {
    "max": 0.025110244750976562,
    "mean": 0.00045735474662913676,
    "min": -2.384185791015625e-07,
    "p50": 0.0,
    "p90": 0.0,
    "p95": 2.384185791015625e-07
  },
  "tracked_to_odom_stamp_delta_sec": {
    "max": 0.0,
    "mean": 0.0,
    "min": 0.0,
    "p50": 0.0,
    "p90": 0.0,
    "p95": 0.0
  }
}
