[INFO] [1778668854.033293927] [metrics_collector]: Using ReadMetrics service: /read_metrics

📊 메트릭 수집 시작
   기간: 35초
   간격: 1.0초
   출력: /home/symoon/Desktop/F1/Local_SLAM_Complete/local_SLAM_imu_wheel_ver2/metrics_data/wheel_odom_tuning/headless_runs/no_wheel
------------------------------------------------------------
[  0.1%] 반복 #  1 - 수집된 항목: 61[  3.0%] 반복 #  2 - 수집된 항목: 66Traceback (most recent call last):
  File "/home/symoon/Desktop/F1/Local_SLAM_Complete/local_SLAM_imu_wheel_ver2/collect_metrics.py", line 260, in main
    collector.collect()
  File "/home/symoon/Desktop/F1/Local_SLAM_Complete/local_SLAM_imu_wheel_ver2/collect_metrics.py", line 129, in collect
    response = self.read_metrics()
  File "/home/symoon/Desktop/F1/Local_SLAM_Complete/local_SLAM_imu_wheel_ver2/collect_metrics.py", line 57, in read_metrics
    rclpy.spin_until_future_complete(self, future)
  File "/opt/ros/humble/local/lib/python3.10/dist-packages/rclpy/__init__.py", line 256, in spin_until_future_complete
    executor.spin_until_future_complete(future, timeout_sec)
  File "/opt/ros/humble/local/lib/python3.10/dist-packages/rclpy/executors.py", line 312, in spin_until_future_complete
    self.spin_once_until_future_complete(future, timeout_sec)
  File "/opt/ros/humble/local/lib/python3.10/dist-packages/rclpy/executors.py", line 780, in spin_once_until_future_complete
    self._spin_once_impl(timeout_sec)
  File "/opt/ros/humble/local/lib/python3.10/dist-packages/rclpy/executors.py", line 762, in _spin_once_impl
    handler, entity, node = self.wait_for_ready_callbacks(timeout_sec=timeout_sec)
  File "/opt/ros/humble/local/lib/python3.10/dist-packages/rclpy/executors.py", line 745, in wait_for_ready_callbacks
    return next(self._cb_iter)
  File "/opt/ros/humble/local/lib/python3.10/dist-packages/rclpy/executors.py", line 646, in _wait_for_ready_callbacks
    raise ExternalShutdownException()
rclpy.executors.ExternalShutdownException

During handling of the above exception, another exception occurred:

Traceback (most recent call last):
  File "/home/symoon/Desktop/F1/Local_SLAM_Complete/local_SLAM_imu_wheel_ver2/collect_metrics.py", line 286, in <module>
    main()
  File "/home/symoon/Desktop/F1/Local_SLAM_Complete/local_SLAM_imu_wheel_ver2/collect_metrics.py", line 282, in main
    rclpy.shutdown()
  File "/opt/ros/humble/local/lib/python3.10/dist-packages/rclpy/__init__.py", line 130, in shutdown
    _shutdown(context=context)
  File "/opt/ros/humble/local/lib/python3.10/dist-packages/rclpy/utilities.py", line 58, in shutdown
    return context.shutdown()
  File "/opt/ros/humble/local/lib/python3.10/dist-packages/rclpy/context.py", line 102, in shutdown
    self.__context.shutdown()
rclpy._rclpy_pybind11.RCLError: failed to shutdown: rcl_shutdown already called on the given context, at ./src/rcl/init.c:241
