[WARN] [1779892304.744746388] [rcl]: ROS_LOCALHOST_ONLY is deprecated but still honored if it is enabled. Use ROS_AUTOMATIC_DISCOVERY_RANGE and ROS_STATIC_PEERS instead.
[WARN] [1779892304.744776416] [rcl]: 'localhost_only' is enabled, 'automatic_discovery_range' and 'static_peers' will be ignored.
[WARN] [1779892306.875269498] [odom_latency_sampler]: New publisher discovered on topic '/clock', offering incompatible QoS. No messages will be received from it. Last incompatible policy: RELIABILITY
{
  "duration_stamp": 17.49998188018799,
  "final_pose": {
    "x": 0.5852256375465883,
    "y": 6.842982844448183,
    "yaw": 2.7372111923858298
  },
  "first_odom_stamp": 1779099286.5755122,
  "imu_age_sec": {
    "max": 793020.8069894314,
    "mean": 793020.800968277,
    "min": 793020.796299696,
    "p50": 793020.8004376888,
    "p90": 793020.805085659,
    "p95": 793020.805783987
  },
  "last_odom_stamp": 1779099304.075494,
  "odom_latency_sec": {
    "max": 793020.8214254379,
    "mean": 793020.8076879368,
    "min": 793020.796005249,
    "p50": 793020.8069132566,
    "p90": 793020.8192603588,
    "p95": 793020.8200716972
  },
  "odom_stamp_monotonic_errors": 0,
  "odom_wheel_age_sec": {
    "max": 793020.8205666542,
    "mean": 793020.8060671125,
    "min": 793020.7959785461,
    "p50": 793020.8063085079,
    "p90": 793020.8141479492,
    "p95": 793020.8150382042
  },
  "samples": 348,
  "scan_age_sec": {
    "max": 793020.8235926628,
    "mean": 793020.8034571416,
    "min": 793020.7937746048,
    "p50": 793020.8024834394,
    "p90": 793020.8110284805,
    "p95": 793020.8122074604
  },
  "tracked_pose_latency_sec": {
    "max": 793020.8219020367,
    "mean": 793020.8081904999,
    "min": 793020.7963209152,
    "p50": 793020.8072708845,
    "p90": 793020.8197822571,
    "p95": 793020.8202943802
  },
  "tracked_to_odom_stamp_delta_sec": {
    "max": 0.025040149688720703,
    "mean": 0.0005025630709768712,
    "min": -2.384185791015625e-07,
    "p50": 0.0,
    "p90": 0.0,
    "p95": 2.384185791015625e-07
  }
}
