[INFO] [launch]: All log files can be found below /home/symoon/.ros/log/2026-05-17-17-36-11-493223-symoon-HP-ZBook-Create-G7-Notebook-PC-65597
[INFO] [launch]: Default logging verbosity is set to INFO
[INFO] [cartographer_node-1]: process started with pid [65609]
[cartographer_node-1] [INFO] [1779006971.579816466] [cartographer logger]: I0517 17:36:11.000000 65609 configuration_file_resolver.cc:41] Found '/home/symoon/Desktop/F1/Local_SLAM_Complete/local_SLAM_imu_wheel_ver5/src/SLAM/cartographer_ros/configuration_files/Damvi_localization_config_wheel.lua' for 'Damvi_localization_config_wheel.lua'.
[cartographer_node-1] [INFO] [1779006971.580190927] [cartographer logger]: I0517 17:36:11.000000 65609 configuration_file_resolver.cc:41] Found '/home/symoon/Desktop/F1/Local_SLAM_Complete/local_SLAM_imu_wheel_ver5/install/cartographer/share/cartographer/configuration_files/map_builder.lua' for 'map_builder.lua'.
[cartographer_node-1] [INFO] [1779006971.580214024] [cartographer logger]: I0517 17:36:11.000000 65609 configuration_file_resolver.cc:41] Found '/home/symoon/Desktop/F1/Local_SLAM_Complete/local_SLAM_imu_wheel_ver5/install/cartographer/share/cartographer/configuration_files/map_builder.lua' for 'map_builder.lua'.
[cartographer_node-1] [INFO] [1779006971.580249223] [cartographer logger]: I0517 17:36:11.000000 65609 configuration_file_resolver.cc:41] Found '/home/symoon/Desktop/F1/Local_SLAM_Complete/local_SLAM_imu_wheel_ver5/install/cartographer/share/cartographer/configuration_files/pose_graph.lua' for 'pose_graph.lua'.
[cartographer_node-1] [INFO] [1779006971.580264437] [cartographer logger]: I0517 17:36:11.000000 65609 configuration_file_resolver.cc:41] Found '/home/symoon/Desktop/F1/Local_SLAM_Complete/local_SLAM_imu_wheel_ver5/install/cartographer/share/cartographer/configuration_files/pose_graph.lua' for 'pose_graph.lua'.
[cartographer_node-1] [INFO] [1779006971.580371998] [cartographer logger]: I0517 17:36:11.000000 65609 configuration_file_resolver.cc:41] Found '/home/symoon/Desktop/F1/Local_SLAM_Complete/local_SLAM_imu_wheel_ver5/install/cartographer/share/cartographer/configuration_files/trajectory_builder.lua' for 'trajectory_builder.lua'.
[cartographer_node-1] [INFO] [1779006971.580390163] [cartographer logger]: I0517 17:36:11.000000 65609 configuration_file_resolver.cc:41] Found '/home/symoon/Desktop/F1/Local_SLAM_Complete/local_SLAM_imu_wheel_ver5/install/cartographer/share/cartographer/configuration_files/trajectory_builder.lua' for 'trajectory_builder.lua'.
[cartographer_node-1] [INFO] [1779006971.580423412] [cartographer logger]: I0517 17:36:11.000000 65609 configuration_file_resolver.cc:41] Found '/home/symoon/Desktop/F1/Local_SLAM_Complete/local_SLAM_imu_wheel_ver5/install/cartographer/share/cartographer/configuration_files/trajectory_builder_2d.lua' for 'trajectory_builder_2d.lua'.
[cartographer_node-1] [INFO] [1779006971.580438360] [cartographer logger]: I0517 17:36:11.000000 65609 configuration_file_resolver.cc:41] Found '/home/symoon/Desktop/F1/Local_SLAM_Complete/local_SLAM_imu_wheel_ver5/install/cartographer/share/cartographer/configuration_files/trajectory_builder_2d.lua' for 'trajectory_builder_2d.lua'.
[cartographer_node-1] [INFO] [1779006971.580559396] [cartographer logger]: I0517 17:36:11.000000 65609 configuration_file_resolver.cc:41] Found '/home/symoon/Desktop/F1/Local_SLAM_Complete/local_SLAM_imu_wheel_ver5/install/cartographer/share/cartographer/configuration_files/trajectory_builder_3d.lua' for 'trajectory_builder_3d.lua'.
[cartographer_node-1] [INFO] [1779006971.580576101] [cartographer logger]: I0517 17:36:11.000000 65609 configuration_file_resolver.cc:41] Found '/home/symoon/Desktop/F1/Local_SLAM_Complete/local_SLAM_imu_wheel_ver5/install/cartographer/share/cartographer/configuration_files/trajectory_builder_3d.lua' for 'trajectory_builder_3d.lua'.
[cartographer_node-1] [INFO] [1779006971.589254042] [cartographer logger]: I0517 17:36:11.000000 65609 map_builder_bridge.cpp:117] Loading saved state '/home/symoon/Desktop/bag/0512/0512.pbstream'...
[cartographer_node-1] [INFO] [1779006971.663884596] [cartographer logger]: I0517 17:36:11.000000 65609 map_builder_bridge.cpp:140] Added trajectory with ID '1'.
[cartographer_node-1] [INFO] [1779006971.663981464] [cartographer logger]: I0517 17:36:11.000000 65609 pose_extrapolator.cc:218] Loaded pose extrapolator config from /home/symoon/Desktop/F1/Local_SLAM_Complete/local_SLAM_imu_wheel_ver5/parameter_trials/field_moderate.yaml imu_weight=0.2 imu_delta_min=0.3 wheelodom_weight=0.01 process_noise=0.001 measurement_noise_scan_default=1.5e-06 measurement_noise_odom_default=0.0002
[cartographer_node-1] [INFO] [1779006971.663994368] [cartographer logger]: I0517 17:36:11.000000 65609 pose_extrapolator.cc:154] fusion is active
[cartographer_node-1] [WARN] [1779006980.891214529] [cartographer logger]: W0517 17:36:20.000000 65609 tf_bridge.cpp:53] "imu" passed to lookupTransform argument target_frame does not exist. 
[cartographer_node-1] [WARN] [1779006981.099330912] [cartographer logger]: W0517 17:36:21.000000 65609 tf_bridge.cpp:53] "imu" passed to lookupTransform argument target_frame does not exist. 
[cartographer_node-1] [WARN] [1779006981.297173507] [cartographer logger]: W0517 17:36:21.000000 65609 tf_bridge.cpp:53] "imu" passed to lookupTransform argument target_frame does not exist. 
[cartographer_node-1] [WARN] [1779006981.495743548] [cartographer logger]: W0517 17:36:21.000000 65609 tf_bridge.cpp:53] "imu" passed to lookupTransform argument target_frame does not exist. 
[cartographer_node-1] [WARN] [1779006981.694609617] [cartographer logger]: W0517 17:36:21.000000 65609 tf_bridge.cpp:53] "imu" passed to lookupTransform argument target_frame does not exist. 
[cartographer_node-1] [WARN] [1779006981.896499698] [cartographer logger]: W0517 17:36:21.000000 65609 tf_bridge.cpp:53] "imu" passed to lookupTransform argument target_frame does not exist. 
[cartographer_node-1] [WARN] [1779006982.118487899] [cartographer logger]: W0517 17:36:22.000000 65609 tf_bridge.cpp:53] "imu" passed to lookupTransform argument target_frame does not exist. 
[cartographer_node-1] [WARN] [1779006982.316550407] [cartographer logger]: W0517 17:36:22.000000 65609 tf_bridge.cpp:53] "imu" passed to lookupTransform argument target_frame does not exist. 
[cartographer_node-1] [WARN] [1779006982.326803299] [cartographer logger]: W0517 17:36:22.000000 65609 tf_bridge.cpp:53] Lookup would require extrapolation at time 1778568137.163558, but only time 1778568137.246109 is in the buffer, when looking up transform from frame [base_link] to frame [imu]
[cartographer_node-1] [WARN] [1779006982.326893605] [cartographer logger]: W0517 17:36:22.000000 65609 tf_bridge.cpp:53] Lookup would require extrapolation at time 1778568137.163558, but only time 1778568137.246109 is in the buffer, when looking up transform from frame [base_link] to frame [imu]
[cartographer_node-1] [WARN] [1779006982.332792731] [cartographer logger]: W0517 17:36:22.000000 65609 tf_bridge.cpp:53] Lookup would require extrapolation at time 1778568137.164711, but only time 1778568137.246109 is in the buffer, when looking up transform from frame [laser] to frame [imu]
[cartographer_node-1] [WARN] [1779006982.332898499] [cartographer logger]: W0517 17:36:22.000000 65609 tf_bridge.cpp:53] Lookup would require extrapolation at time 1778568137.182142, but only time 1778568137.246109 is in the buffer, when looking up transform from frame [base_link] to frame [imu]
[cartographer_node-1] [WARN] [1779006982.332977690] [cartographer logger]: W0517 17:36:22.000000 65609 tf_bridge.cpp:53] Lookup would require extrapolation at time 1778568137.182142, but only time 1778568137.246109 is in the buffer, when looking up transform from frame [base_link] to frame [imu]
[cartographer_node-1] [WARN] [1779006982.338726792] [cartographer logger]: W0517 17:36:22.000000 65609 tf_bridge.cpp:53] Lookup would require extrapolation into the past.  Requested time 1778568137.189107 but the earliest data is at time 1778568137.246109, when looking up transform from frame [laser] to frame [imu]
[cartographer_node-1] [WARN] [1779006982.338816918] [cartographer logger]: W0517 17:36:22.000000 65609 tf_bridge.cpp:53] Lookup would require extrapolation into the past.  Requested time 1778568137.202162 but the earliest data is at time 1778568137.246109, when looking up transform from frame [base_link] to frame [imu]
[cartographer_node-1] [WARN] [1779006982.338888602] [cartographer logger]: W0517 17:36:22.000000 65609 tf_bridge.cpp:53] Lookup would require extrapolation into the past.  Requested time 1778568137.202162 but the earliest data is at time 1778568137.246109, when looking up transform from frame [base_link] to frame [imu]
[cartographer_node-1] [WARN] [1779006982.344650327] [cartographer logger]: W0517 17:36:22.000000 65609 tf_bridge.cpp:53] Lookup would require extrapolation into the past.  Requested time 1778568137.214475 but the earliest data is at time 1778568137.246109, when looking up transform from frame [laser] to frame [imu]
[cartographer_node-1] [WARN] [1779006982.344764200] [cartographer logger]: W0517 17:36:22.000000 65609 tf_bridge.cpp:53] Lookup would require extrapolation into the past.  Requested time 1778568137.221895 but the earliest data is at time 1778568137.246109, when looking up transform from frame [base_link] to frame [imu]
[cartographer_node-1] [WARN] [1779006982.344913939] [cartographer logger]: W0517 17:36:22.000000 65609 tf_bridge.cpp:53] Lookup would require extrapolation into the past.  Requested time 1778568137.221895 but the earliest data is at time 1778568137.246109, when looking up transform from frame [base_link] to frame [imu]
[cartographer_node-1] [WARN] [1779006982.350574963] [cartographer logger]: W0517 17:36:22.000000 65609 tf_bridge.cpp:53] Lookup would require extrapolation into the past.  Requested time 1778568137.234393 but the earliest data is at time 1778568137.246109, when looking up transform from frame [laser] to frame [imu]
[cartographer_node-1] [WARN] [1779006982.350670266] [cartographer logger]: W0517 17:36:22.000000 65609 tf_bridge.cpp:53] Lookup would require extrapolation into the past.  Requested time 1778568137.236898 but the earliest data is at time 1778568137.246109, when looking up transform from frame [base_link] to frame [imu]
[cartographer_node-1] [WARN] [1779006982.350743410] [cartographer logger]: W0517 17:36:22.000000 65609 tf_bridge.cpp:53] Lookup would require extrapolation into the past.  Requested time 1778568137.236898 but the earliest data is at time 1778568137.246109, when looking up transform from frame [base_link] to frame [imu]
[cartographer_node-1] [WARN] [1779006982.768499136] [cartographer logger]: W0517 17:36:22.000000 65609 tf_bridge.cpp:53] Lookup would require extrapolation into the future.  Requested time 1778568137.464473 but the latest data is at time 1778568137.453172, when looking up transform from frame [laser] to frame [imu]
[cartographer_node-1] [WARN] [1779006983.724200370] [cartographer logger]: W0517 17:36:23.000000 65609 tf_bridge.cpp:53] Lookup would require extrapolation into the future.  Requested time 1778568138.434286 but the latest data is at time 1778568138.423388, when looking up transform from frame [laser] to frame [imu]
[cartographer_node-1] [WARN] [1779006994.628335683] [cartographer logger]: W0517 17:36:34.000000 65609 ordered_multi_queue.cc:155] Queue waiting for data: (1, imu)
[cartographer_node-1] [WARN] [1779006995.392608147] [cartographer logger]: W0517 17:36:35.000000 65609 ordered_multi_queue.cc:155] Queue waiting for data: (1, imu)
[cartographer_node-1] [WARN] [1779006996.114869671] [cartographer logger]: W0517 17:36:36.000000 65609 ordered_multi_queue.cc:155] Queue waiting for data: (1, imu)
[cartographer_node-1] [WARN] [1779006996.874058009] [cartographer logger]: W0517 17:36:36.000000 65609 ordered_multi_queue.cc:155] Queue waiting for data: (1, imu)
[cartographer_node-1] [WARN] [1779006997.568856095] [cartographer logger]: W0517 17:36:37.000000 65609 ordered_multi_queue.cc:155] Queue waiting for data: (1, imu)
[cartographer_node-1] [WARN] [1779006998.305393358] [cartographer logger]: W0517 17:36:38.000000 65609 ordered_multi_queue.cc:155] Queue waiting for data: (1, imu)
[cartographer_node-1] [WARN] [1779006999.046510075] [cartographer logger]: W0517 17:36:39.000000 65609 ordered_multi_queue.cc:155] Queue waiting for data: (1, imu)
[cartographer_node-1] [WARN] [1779006999.800654747] [cartographer logger]: W0517 17:36:39.000000 65609 ordered_multi_queue.cc:155] Queue waiting for data: (1, imu)
[cartographer_node-1] [WARN] [1779007000.548509259] [cartographer logger]: W0517 17:36:40.000000 65609 ordered_multi_queue.cc:155] Queue waiting for data: (1, imu)
[cartographer_node-1] [WARN] [1779007001.293629708] [cartographer logger]: W0517 17:36:41.000000 65609 ordered_multi_queue.cc:155] Queue waiting for data: (1, imu)
[cartographer_node-1] [WARN] [1779007002.052979623] [cartographer logger]: W0517 17:36:42.000000 65609 ordered_multi_queue.cc:155] Queue waiting for data: (1, imu)
[cartographer_node-1] [WARN] [1779007002.772532950] [cartographer logger]: W0517 17:36:42.000000 65609 ordered_multi_queue.cc:155] Queue waiting for data: (1, imu)
[cartographer_node-1] [WARN] [1779007003.477187414] [cartographer logger]: W0517 17:36:43.000000 65609 ordered_multi_queue.cc:155] Queue waiting for data: (1, imu)
[cartographer_node-1] [WARN] [1779007004.210832485] [cartographer logger]: W0517 17:36:44.000000 65609 ordered_multi_queue.cc:155] Queue waiting for data: (1, imu)
[cartographer_node-1] [WARN] [1779007004.942196265] [cartographer logger]: W0517 17:36:44.000000 65609 ordered_multi_queue.cc:155] Queue waiting for data: (1, imu)
[cartographer_node-1] [WARN] [1779007005.678070265] [cartographer logger]: W0517 17:36:45.000000 65609 ordered_multi_queue.cc:155] Queue waiting for data: (1, imu)
[cartographer_node-1] [WARN] [1779007006.412846656] [cartographer logger]: W0517 17:36:46.000000 65609 ordered_multi_queue.cc:155] Queue waiting for data: (1, imu)
[cartographer_node-1] [WARN] [1779007007.125850169] [cartographer logger]: W0517 17:36:47.000000 65609 ordered_multi_queue.cc:155] Queue waiting for data: (1, imu)
[cartographer_node-1] [WARN] [1779007007.887351500] [cartographer logger]: W0517 17:36:47.000000 65609 ordered_multi_queue.cc:155] Queue waiting for data: (1, imu)
[cartographer_node-1] [WARN] [1779007008.638208320] [cartographer logger]: W0517 17:36:48.000000 65609 ordered_multi_queue.cc:155] Queue waiting for data: (1, imu)
[cartographer_node-1] [WARN] [1779007009.323218113] [cartographer logger]: W0517 17:36:49.000000 65609 ordered_multi_queue.cc:155] Queue waiting for data: (1, imu)
[cartographer_node-1] [WARN] [1779007010.029480824] [cartographer logger]: W0517 17:36:50.000000 65609 ordered_multi_queue.cc:155] Queue waiting for data: (1, imu)
[cartographer_node-1] [WARN] [1779007010.710221888] [cartographer logger]: W0517 17:36:50.000000 65609 ordered_multi_queue.cc:155] Queue waiting for data: (1, imu)
[cartographer_node-1] [WARN] [1779007011.450252039] [cartographer logger]: W0517 17:36:51.000000 65609 ordered_multi_queue.cc:155] Queue waiting for data: (1, imu)
[cartographer_node-1] [WARN] [1779007012.200970917] [cartographer logger]: W0517 17:36:52.000000 65609 ordered_multi_queue.cc:155] Queue waiting for data: (1, imu)
[cartographer_node-1] [WARN] [1779007012.953811340] [cartographer logger]: W0517 17:36:52.000000 65609 ordered_multi_queue.cc:155] Queue waiting for data: (1, imu)
[cartographer_node-1] [WARN] [1779007013.669066846] [cartographer logger]: W0517 17:36:53.000000 65609 ordered_multi_queue.cc:155] Queue waiting for data: (1, imu)
[cartographer_node-1] [WARN] [1779007014.397091639] [cartographer logger]: W0517 17:36:54.000000 65609 ordered_multi_queue.cc:155] Queue waiting for data: (1, imu)
[cartographer_node-1] [WARN] [1779007015.144527491] [cartographer logger]: W0517 17:36:55.000000 65609 ordered_multi_queue.cc:155] Queue waiting for data: (1, imu)
[cartographer_node-1] [WARN] [1779007015.787403589] [cartographer logger]: W0517 17:36:55.000000 65609 ordered_multi_queue.cc:155] Queue waiting for data: (1, imu)
[cartographer_node-1] [WARN] [1779007016.495492332] [cartographer logger]: W0517 17:36:56.000000 65609 ordered_multi_queue.cc:155] Queue waiting for data: (1, imu)
[cartographer_node-1] [WARN] [1779007017.210999256] [cartographer logger]: W0517 17:36:57.000000 65609 ordered_multi_queue.cc:155] Queue waiting for data: (1, imu)
[cartographer_node-1] [WARN] [1779007017.934776008] [cartographer logger]: W0517 17:36:57.000000 65609 ordered_multi_queue.cc:155] Queue waiting for data: (1, imu)
[cartographer_node-1] [WARN] [1779007018.661588741] [cartographer logger]: W0517 17:36:58.000000 65609 ordered_multi_queue.cc:155] Queue waiting for data: (1, imu)
[cartographer_node-1] [WARN] [1779007019.336611594] [cartographer logger]: W0517 17:36:59.000000 65609 ordered_multi_queue.cc:155] Queue waiting for data: (1, imu)
[cartographer_node-1] [WARN] [1779007020.090759212] [cartographer logger]: W0517 17:37:00.000000 65609 ordered_multi_queue.cc:155] Queue waiting for data: (1, imu)
[cartographer_node-1] [WARN] [1779007020.841709656] [cartographer logger]: W0517 17:37:00.000000 65609 ordered_multi_queue.cc:155] Queue waiting for data: (1, imu)
[cartographer_node-1] [WARN] [1779007021.533700815] [cartographer logger]: W0517 17:37:01.000000 65609 ordered_multi_queue.cc:155] Queue waiting for data: (1, imu)
[cartographer_node-1] [WARN] [1779007022.285249636] [cartographer logger]: W0517 17:37:02.000000 65609 ordered_multi_queue.cc:155] Queue waiting for data: (1, imu)
[cartographer_node-1] [WARN] [1779007022.971084115] [cartographer logger]: W0517 17:37:02.000000 65609 ordered_multi_queue.cc:155] Queue waiting for data: (1, imu)
[cartographer_node-1] [WARN] [1779007023.696864308] [cartographer logger]: W0517 17:37:03.000000 65609 ordered_multi_queue.cc:155] Queue waiting for data: (1, imu)
[cartographer_node-1] [WARN] [1779007024.437771977] [cartographer logger]: W0517 17:37:04.000000 65609 ordered_multi_queue.cc:155] Queue waiting for data: (1, imu)
[cartographer_node-1] [WARN] [1779007025.150742327] [cartographer logger]: W0517 17:37:05.000000 65609 ordered_multi_queue.cc:155] Queue waiting for data: (1, imu)
[cartographer_node-1] [WARN] [1779007025.891644445] [cartographer logger]: W0517 17:37:05.000000 65609 ordered_multi_queue.cc:155] Queue waiting for data: (1, imu)
[cartographer_node-1] [WARN] [1779007026.595142879] [cartographer logger]: W0517 17:37:06.000000 65609 ordered_multi_queue.cc:155] Queue waiting for data: (1, imu)
[cartographer_node-1] [WARN] [1779007027.270672074] [cartographer logger]: W0517 17:37:07.000000 65609 ordered_multi_queue.cc:155] Queue waiting for data: (1, imu)
[cartographer_node-1] [WARN] [1779007028.000613066] [cartographer logger]: W0517 17:37:08.000000 65609 ordered_multi_queue.cc:155] Queue waiting for data: (1, imu)
[cartographer_node-1] [WARN] [1779007028.703470986] [cartographer logger]: W0517 17:37:08.000000 65609 ordered_multi_queue.cc:155] Queue waiting for data: (1, imu)
[cartographer_node-1] [WARN] [1779007029.451792297] [cartographer logger]: W0517 17:37:09.000000 65609 ordered_multi_queue.cc:155] Queue waiting for data: (1, imu)
[cartographer_node-1] [WARN] [1779007030.173563488] [cartographer logger]: W0517 17:37:10.000000 65609 ordered_multi_queue.cc:155] Queue waiting for data: (1, imu)
[cartographer_node-1] [WARN] [1779007030.874211359] [cartographer logger]: W0517 17:37:10.000000 65609 ordered_multi_queue.cc:155] Queue waiting for data: (1, imu)
[cartographer_node-1] [WARN] [1779007031.626625369] [cartographer logger]: W0517 17:37:11.000000 65609 ordered_multi_queue.cc:155] Queue waiting for data: (1, imu)
[cartographer_node-1] [WARN] [1779007032.340069649] [cartographer logger]: W0517 17:37:12.000000 65609 ordered_multi_queue.cc:155] Queue waiting for data: (1, imu)
[cartographer_node-1] [WARN] [1779007033.029861180] [cartographer logger]: W0517 17:37:13.000000 65609 ordered_multi_queue.cc:155] Queue waiting for data: (1, imu)
[cartographer_node-1] [WARN] [1779007033.717858400] [cartographer logger]: W0517 17:37:13.000000 65609 ordered_multi_queue.cc:155] Queue waiting for data: (1, imu)
[cartographer_node-1] [WARN] [1779007034.460893811] [cartographer logger]: W0517 17:37:14.000000 65609 ordered_multi_queue.cc:155] Queue waiting for data: (1, imu)
[cartographer_node-1] [WARN] [1779007035.205319015] [cartographer logger]: W0517 17:37:15.000000 65609 ordered_multi_queue.cc:155] Queue waiting for data: (1, imu)
[cartographer_node-1] [WARN] [1779007035.907805013] [cartographer logger]: W0517 17:37:15.000000 65609 ordered_multi_queue.cc:155] Queue waiting for data: (1, imu)
[cartographer_node-1] [WARN] [1779007036.585339114] [cartographer logger]: W0517 17:37:16.000000 65609 ordered_multi_queue.cc:155] Queue waiting for data: (1, imu)
[cartographer_node-1] [WARN] [1779007037.287363260] [cartographer logger]: W0517 17:37:17.000000 65609 ordered_multi_queue.cc:155] Queue waiting for data: (1, imu)
[cartographer_node-1] [WARN] [1779007037.959996052] [cartographer logger]: W0517 17:37:17.000000 65609 ordered_multi_queue.cc:155] Queue waiting for data: (1, imu)
[cartographer_node-1] [WARN] [1779007038.688374553] [cartographer logger]: W0517 17:37:18.000000 65609 ordered_multi_queue.cc:155] Queue waiting for data: (1, imu)
[cartographer_node-1] [WARN] [1779007039.442782724] [cartographer logger]: W0517 17:37:19.000000 65609 ordered_multi_queue.cc:155] Queue waiting for data: (1, imu)
[cartographer_node-1] [WARN] [1779007040.141625770] [cartographer logger]: W0517 17:37:20.000000 65609 ordered_multi_queue.cc:155] Queue waiting for data: (1, imu)
[cartographer_node-1] [WARN] [1779007040.827320506] [cartographer logger]: W0517 17:37:20.000000 65609 ordered_multi_queue.cc:155] Queue waiting for data: (1, imu)
[cartographer_node-1] [WARN] [1779007041.514134700] [cartographer logger]: W0517 17:37:21.000000 65609 ordered_multi_queue.cc:155] Queue waiting for data: (1, imu)
[cartographer_node-1] [WARN] [1779007042.216833259] [cartographer logger]: W0517 17:37:22.000000 65609 ordered_multi_queue.cc:155] Queue waiting for data: (1, imu)
[cartographer_node-1] [WARN] [1779007042.952216361] [cartographer logger]: W0517 17:37:22.000000 65609 ordered_multi_queue.cc:155] Queue waiting for data: (1, imu)
[cartographer_node-1] [WARN] [1779007043.671505997] [cartographer logger]: W0517 17:37:23.000000 65609 ordered_multi_queue.cc:155] Queue waiting for data: (1, imu)
[cartographer_node-1] [WARN] [1779007044.308387304] [cartographer logger]: W0517 17:37:24.000000 65609 ordered_multi_queue.cc:155] Queue waiting for data: (1, imu)
[cartographer_node-1] [WARN] [1779007045.046590431] [cartographer logger]: W0517 17:37:25.000000 65609 ordered_multi_queue.cc:155] Queue waiting for data: (1, imu)
[cartographer_node-1] [WARN] [1779007045.744880610] [cartographer logger]: W0517 17:37:25.000000 65609 ordered_multi_queue.cc:155] Queue waiting for data: (1, imu)
[cartographer_node-1] [WARN] [1779007046.435833913] [cartographer logger]: W0517 17:37:26.000000 65609 ordered_multi_queue.cc:155] Queue waiting for data: (1, imu)
[cartographer_node-1] [WARN] [1779007047.133663614] [cartographer logger]: W0517 17:37:27.000000 65609 ordered_multi_queue.cc:155] Queue waiting for data: (1, imu)
[cartographer_node-1] [WARN] [1779007047.897633275] [cartographer logger]: W0517 17:37:27.000000 65609 ordered_multi_queue.cc:155] Queue waiting for data: (1, imu)
[cartographer_node-1] [WARN] [1779007048.597971875] [cartographer logger]: W0517 17:37:28.000000 65609 ordered_multi_queue.cc:155] Queue waiting for data: (1, imu)
[cartographer_node-1] [WARN] [1779007049.339107263] [cartographer logger]: W0517 17:37:29.000000 65609 ordered_multi_queue.cc:155] Queue waiting for data: (1, imu)
[cartographer_node-1] [WARN] [1779007050.046877250] [cartographer logger]: W0517 17:37:30.000000 65609 ordered_multi_queue.cc:155] Queue waiting for data: (1, imu)
[cartographer_node-1] [WARN] [1779007050.691249602] [cartographer logger]: W0517 17:37:30.000000 65609 ordered_multi_queue.cc:155] Queue waiting for data: (1, imu)
[cartographer_node-1] [WARN] [1779007051.371057205] [cartographer logger]: W0517 17:37:31.000000 65609 ordered_multi_queue.cc:155] Queue waiting for data: (1, imu)
[cartographer_node-1] [WARN] [1779007052.038656100] [cartographer logger]: W0517 17:37:32.000000 65609 ordered_multi_queue.cc:155] Queue waiting for data: (1, imu)
[cartographer_node-1] [WARN] [1779007052.698167231] [cartographer logger]: W0517 17:37:32.000000 65609 ordered_multi_queue.cc:155] Queue waiting for data: (1, imu)
[cartographer_node-1] [WARN] [1779007053.346646563] [cartographer logger]: W0517 17:37:33.000000 65609 ordered_multi_queue.cc:155] Queue waiting for data: (1, imu)
[cartographer_node-1] [WARN] [1779007054.022586281] [cartographer logger]: W0517 17:37:34.000000 65609 ordered_multi_queue.cc:155] Queue waiting for data: (1, imu)
[cartographer_node-1] [WARN] [1779007054.718861048] [cartographer logger]: W0517 17:37:34.000000 65609 ordered_multi_queue.cc:155] Queue waiting for data: (1, imu)
[cartographer_node-1] [WARN] [1779007055.375618077] [cartographer logger]: W0517 17:37:35.000000 65609 ordered_multi_queue.cc:155] Queue waiting for data: (1, imu)
[cartographer_node-1] [WARN] [1779007056.019607226] [cartographer logger]: W0517 17:37:36.000000 65609 ordered_multi_queue.cc:155] Queue waiting for data: (1, imu)
[cartographer_node-1] [WARN] [1779007056.676202805] [cartographer logger]: W0517 17:37:36.000000 65609 ordered_multi_queue.cc:155] Queue waiting for data: (1, imu)
[cartographer_node-1] [WARN] [1779007057.346598834] [cartographer logger]: W0517 17:37:37.000000 65609 ordered_multi_queue.cc:155] Queue waiting for data: (1, imu)
[cartographer_node-1] [WARN] [1779007058.032678282] [cartographer logger]: W0517 17:37:38.000000 65609 ordered_multi_queue.cc:155] Queue waiting for data: (1, imu)
[cartographer_node-1] [WARN] [1779007058.695123997] [cartographer logger]: W0517 17:37:38.000000 65609 ordered_multi_queue.cc:155] Queue waiting for data: (1, imu)
[cartographer_node-1] [WARN] [1779007059.346189597] [cartographer logger]: W0517 17:37:39.000000 65609 ordered_multi_queue.cc:155] Queue waiting for data: (1, imu)
[cartographer_node-1] [WARN] [1779007060.026724765] [cartographer logger]: W0517 17:37:40.000000 65609 ordered_multi_queue.cc:155] Queue waiting for data: (1, imu)
[cartographer_node-1] [WARN] [1779007060.698474100] [cartographer logger]: W0517 17:37:40.000000 65609 ordered_multi_queue.cc:155] Queue waiting for data: (1, imu)
[cartographer_node-1] [WARN] [1779007061.345911495] [cartographer logger]: W0517 17:37:41.000000 65609 ordered_multi_queue.cc:155] Queue waiting for data: (1, imu)
[cartographer_node-1] [WARN] [1779007062.057637656] [cartographer logger]: W0517 17:37:42.000000 65609 ordered_multi_queue.cc:155] Queue waiting for data: (1, imu)
[cartographer_node-1] [WARN] [1779007062.709411918] [cartographer logger]: W0517 17:37:42.000000 65609 ordered_multi_queue.cc:155] Queue waiting for data: (1, imu)
[cartographer_node-1] [WARN] [1779007063.412380514] [cartographer logger]: W0517 17:37:43.000000 65609 ordered_multi_queue.cc:155] Queue waiting for data: (1, imu)
[cartographer_node-1] [WARN] [1779007064.037330497] [cartographer logger]: W0517 17:37:44.000000 65609 ordered_multi_queue.cc:155] Queue waiting for data: (1, imu)
[cartographer_node-1] [WARN] [1779007064.731495744] [cartographer logger]: W0517 17:37:44.000000 65609 ordered_multi_queue.cc:155] Queue waiting for data: (1, imu)
[cartographer_node-1] [WARN] [1779007065.384346241] [cartographer logger]: W0517 17:37:45.000000 65609 ordered_multi_queue.cc:155] Queue waiting for data: (1, imu)
[cartographer_node-1] [WARN] [1779007066.078901940] [cartographer logger]: W0517 17:37:46.000000 65609 ordered_multi_queue.cc:155] Queue waiting for data: (1, imu)
[cartographer_node-1] [WARN] [1779007066.732434647] [cartographer logger]: W0517 17:37:46.000000 65609 ordered_multi_queue.cc:155] Queue waiting for data: (1, imu)
[cartographer_node-1] [WARN] [1779007067.373625936] [cartographer logger]: W0517 17:37:47.000000 65609 ordered_multi_queue.cc:155] Queue waiting for data: (1, imu)
[cartographer_node-1] [WARN] [1779007068.062471056] [cartographer logger]: W0517 17:37:48.000000 65609 ordered_multi_queue.cc:155] Queue waiting for data: (1, imu)
[cartographer_node-1] [WARN] [1779007068.733509780] [cartographer logger]: W0517 17:37:48.000000 65609 ordered_multi_queue.cc:155] Queue waiting for data: (1, imu)
[cartographer_node-1] [WARN] [1779007069.410120917] [cartographer logger]: W0517 17:37:49.000000 65609 ordered_multi_queue.cc:155] Queue waiting for data: (1, imu)
[cartographer_node-1] [WARN] [1779007070.058442809] [cartographer logger]: W0517 17:37:50.000000 65609 ordered_multi_queue.cc:155] Queue waiting for data: (1, imu)
[cartographer_node-1] [WARN] [1779007070.718591754] [cartographer logger]: W0517 17:37:50.000000 65609 ordered_multi_queue.cc:155] Queue waiting for data: (1, imu)
[cartographer_node-1] [WARN] [1779007071.404171157] [cartographer logger]: W0517 17:37:51.000000 65609 ordered_multi_queue.cc:155] Queue waiting for data: (1, imu)
[cartographer_node-1] [WARN] [1779007072.064072120] [cartographer logger]: W0517 17:37:52.000000 65609 ordered_multi_queue.cc:155] Queue waiting for data: (1, imu)
[cartographer_node-1] [WARN] [1779007072.737176623] [cartographer logger]: W0517 17:37:52.000000 65609 ordered_multi_queue.cc:155] Queue waiting for data: (1, imu)
[cartographer_node-1] [WARN] [1779007073.409805956] [cartographer logger]: W0517 17:37:53.000000 65609 ordered_multi_queue.cc:155] Queue waiting for data: (1, imu)
[cartographer_node-1] [WARN] [1779007074.057600722] [cartographer logger]: W0517 17:37:54.000000 65609 ordered_multi_queue.cc:155] Queue waiting for data: (1, imu)
[cartographer_node-1] [WARN] [1779007074.719005620] [cartographer logger]: W0517 17:37:54.000000 65609 ordered_multi_queue.cc:155] Queue waiting for data: (1, imu)
[cartographer_node-1] [WARN] [1779007075.420296220] [cartographer logger]: W0517 17:37:55.000000 65609 ordered_multi_queue.cc:155] Queue waiting for data: (1, imu)
[cartographer_node-1] [WARN] [1779007076.090180952] [cartographer logger]: W0517 17:37:56.000000 65609 ordered_multi_queue.cc:155] Queue waiting for data: (1, imu)
[cartographer_node-1] [WARN] [1779007076.716515244] [cartographer logger]: W0517 17:37:56.000000 65609 ordered_multi_queue.cc:155] Queue waiting for data: (1, imu)
[cartographer_node-1] [WARN] [1779007077.441219084] [cartographer logger]: W0517 17:37:57.000000 65609 ordered_multi_queue.cc:155] Queue waiting for data: (1, imu)
[cartographer_node-1] [WARN] [1779007078.088061725] [cartographer logger]: W0517 17:37:58.000000 65609 ordered_multi_queue.cc:155] Queue waiting for data: (1, imu)
[cartographer_node-1] [WARN] [1779007078.783903022] [cartographer logger]: W0517 17:37:58.000000 65609 ordered_multi_queue.cc:155] Queue waiting for data: (1, imu)
[cartographer_node-1] [WARN] [1779007079.416122385] [cartographer logger]: W0517 17:37:59.000000 65609 ordered_multi_queue.cc:155] Queue waiting for data: (1, imu)
[cartographer_node-1] [WARN] [1779007080.085506184] [cartographer logger]: W0517 17:38:00.000000 65609 ordered_multi_queue.cc:155] Queue waiting for data: (1, imu)
[cartographer_node-1] [WARN] [1779007080.736000101] [cartographer logger]: W0517 17:38:00.000000 65609 ordered_multi_queue.cc:155] Queue waiting for data: (1, imu)
[cartographer_node-1] [WARN] [1779007081.438706253] [cartographer logger]: W0517 17:38:01.000000 65609 ordered_multi_queue.cc:155] Queue waiting for data: (1, imu)
[cartographer_node-1] [WARN] [1779007082.142369642] [cartographer logger]: W0517 17:38:02.000000 65609 ordered_multi_queue.cc:155] Queue waiting for data: (1, imu)
[cartographer_node-1] [WARN] [1779007082.835876978] [cartographer logger]: W0517 17:38:02.000000 65609 ordered_multi_queue.cc:155] Queue waiting for data: (1, imu)
[cartographer_node-1] [WARN] [1779007083.491262066] [cartographer logger]: W0517 17:38:03.000000 65609 ordered_multi_queue.cc:155] Queue waiting for data: (1, imu)
[cartographer_node-1] [WARN] [1779007084.164112189] [cartographer logger]: W0517 17:38:04.000000 65609 ordered_multi_queue.cc:155] Queue waiting for data: (1, imu)
[cartographer_node-1] [WARN] [1779007084.822613936] [cartographer logger]: W0517 17:38:04.000000 65609 ordered_multi_queue.cc:155] Queue waiting for data: (1, imu)
[cartographer_node-1] [WARN] [1779007085.492585777] [cartographer logger]: W0517 17:38:05.000000 65609 ordered_multi_queue.cc:155] Queue waiting for data: (1, imu)
[cartographer_node-1] [WARN] [1779007086.169305941] [cartographer logger]: W0517 17:38:06.000000 65609 ordered_multi_queue.cc:155] Queue waiting for data: (1, imu)
[cartographer_node-1] [WARN] [1779007086.869479959] [cartographer logger]: W0517 17:38:06.000000 65609 ordered_multi_queue.cc:155] Queue waiting for data: (1, imu)
[cartographer_node-1] [WARN] [1779007087.523759831] [cartographer logger]: W0517 17:38:07.000000 65609 ordered_multi_queue.cc:155] Queue waiting for data: (1, imu)
[cartographer_node-1] [WARN] [1779007088.203102313] [cartographer logger]: W0517 17:38:08.000000 65609 ordered_multi_queue.cc:155] Queue waiting for data: (1, imu)
[cartographer_node-1] [WARN] [1779007088.902267531] [cartographer logger]: W0517 17:38:08.000000 65609 ordered_multi_queue.cc:155] Queue waiting for data: (1, imu)
[cartographer_node-1] [WARN] [1779007089.597413892] [cartographer logger]: W0517 17:38:09.000000 65609 ordered_multi_queue.cc:155] Queue waiting for data: (1, imu)
[cartographer_node-1] [WARN] [1779007090.279062803] [cartographer logger]: W0517 17:38:10.000000 65609 ordered_multi_queue.cc:155] Queue waiting for data: (1, imu)
[cartographer_node-1] [WARN] [1779007090.927383672] [cartographer logger]: W0517 17:38:10.000000 65609 ordered_multi_queue.cc:155] Queue waiting for data: (1, imu)
[cartographer_node-1] [WARN] [1779007091.632737937] [cartographer logger]: W0517 17:38:11.000000 65609 ordered_multi_queue.cc:155] Queue waiting for data: (1, imu)
[cartographer_node-1] [WARN] [1779007092.286680731] [cartographer logger]: W0517 17:38:12.000000 65609 ordered_multi_queue.cc:155] Queue waiting for data: (1, imu)
[cartographer_node-1] [WARN] [1779007092.980683046] [cartographer logger]: W0517 17:38:12.000000 65609 ordered_multi_queue.cc:155] Queue waiting for data: (1, imu)
[cartographer_node-1] [WARN] [1779007093.624247647] [cartographer logger]: W0517 17:38:13.000000 65609 ordered_multi_queue.cc:155] Queue waiting for data: (1, imu)
[cartographer_node-1] [WARN] [1779007094.331611287] [cartographer logger]: W0517 17:38:14.000000 65609 ordered_multi_queue.cc:155] Queue waiting for data: (1, imu)
[cartographer_node-1] [WARN] [1779007094.981540399] [cartographer logger]: W0517 17:38:14.000000 65609 ordered_multi_queue.cc:155] Queue waiting for data: (1, imu)
[cartographer_node-1] [WARN] [1779007095.706723055] [cartographer logger]: W0517 17:38:15.000000 65609 ordered_multi_queue.cc:155] Queue waiting for data: (1, imu)
[cartographer_node-1] [WARN] [1779007096.386267159] [cartographer logger]: W0517 17:38:16.000000 65609 ordered_multi_queue.cc:155] Queue waiting for data: (1, imu)
[cartographer_node-1] [WARN] [1779007097.038498374] [cartographer logger]: W0517 17:38:17.000000 65609 ordered_multi_queue.cc:155] Queue waiting for data: (1, imu)
[cartographer_node-1] [INFO] [1779007097.340717378] [cartographer logger]: I0517 17:38:17.000000 65609 ordered_multi_queue.cc:172] All sensor data for trajectory 1 is available starting at '639141650522323127'.
[cartographer_node-1] [INFO] [1779007097.388320539] [cartographer logger]: I0517 17:38:17.000000 65609 collated_trajectory_builder.cc:81] scan rate: unknown
[cartographer_node-1] [INFO] [1779007097.388375974] [cartographer logger]: I0517 17:38:17.000000 65609 local_trajectory_builder_2d.cc:187] Extrapolator not yet initialized.
[cartographer_node-1] [INFO] [1779007097.405756862] [cartographer logger]: I0517 17:38:17.000000 65609 local_trajectory_builder_2d.cc:461] Extrapolator not yet initialized.
[cartographer_node-1] [INFO] [1779007097.405993704] [cartographer logger]: I0517 17:38:17.000000 65609 pose_extrapolator.cc:218] Loaded pose extrapolator config from /home/symoon/Desktop/F1/Local_SLAM_Complete/local_SLAM_imu_wheel_ver5/parameter_trials/field_moderate.yaml imu_weight=0.2 imu_delta_min=0.3 wheelodom_weight=0.01 process_noise=0.001 measurement_noise_scan_default=1.5e-06 measurement_noise_odom_default=0.0002
[cartographer_node-1] [INFO] [1779007097.406010451] [cartographer logger]: I0517 17:38:17.000000 65609 pose_extrapolator.cc:154] fusion is active
[cartographer_node-1] [INFO] [1779007097.406278017] [cartographer logger]: I0517 17:38:17.000000 65609 local_trajectory_builder_2d.cc:198] Extrapolator is still initializing.
[cartographer_node-1] [INFO] [1779007097.407916308] [cartographer logger]: I0517 17:38:17.000000 65609 pose_graph_2d.cc:148] Inserted submap (1, 0).
[cartographer_node-1] [INFO] [1779007097.410143961] [cartographer logger]: I0517 17:38:17.000000 65627 pose_graph_2d.cc:538] Remaining work items in queue: 0
[cartographer_node-1] [INFO] [1779007097.564666457] [cartographer logger]: I0517 17:38:17.000000 65625 constraint_builder_2d.cc:294] 1 computations resulted in 0 additional constraints.
[cartographer_node-1] [INFO] [1779007097.564696282] [cartographer logger]: I0517 17:38:17.000000 65625 constraint_builder_2d.cc:296] Score histogram:
[cartographer_node-1] Count: 0
[cartographer_node-1] [INFO] [1779007097.571888936] [cartographer logger]: I0517 17:38:17.000000 65625 pose_graph_2d.cc:538] Remaining work items in queue: 10
[cartographer_node-1] [INFO] [1779007097.571914155] [cartographer logger]: I0517 17:38:17.000000 65625 constraint_builder_2d.cc:294] 0 computations resulted in 0 additional constraints.
[cartographer_node-1] [INFO] [1779007097.571923250] [cartographer logger]: I0517 17:38:17.000000 65625 constraint_builder_2d.cc:296] Score histogram:
[cartographer_node-1] Count: 0
[cartographer_node-1] [INFO] [1779007097.578967969] [cartographer logger]: I0517 17:38:17.000000 65625 pose_graph_2d.cc:538] Remaining work items in queue: 4
[cartographer_node-1] [INFO] [1779007097.579014914] [cartographer logger]: I0517 17:38:17.000000 65625 constraint_builder_2d.cc:294] 0 computations resulted in 0 additional constraints.
[cartographer_node-1] [INFO] [1779007097.579024348] [cartographer logger]: I0517 17:38:17.000000 65625 constraint_builder_2d.cc:296] Score histogram:
[cartographer_node-1] Count: 0
[cartographer_node-1] [INFO] [1779007097.618503810] [cartographer logger]: I0517 17:38:17.000000 65628 pose_graph_2d.cc:538] Remaining work items in queue: 0
[cartographer_node-1] [INFO] [1779007097.618541305] [cartographer logger]: I0517 17:38:17.000000 65628 constraint_builder_2d.cc:294] 0 computations resulted in 0 additional constraints.
[cartographer_node-1] [INFO] [1779007097.618553034] [cartographer logger]: I0517 17:38:17.000000 65628 constraint_builder_2d.cc:296] Score histogram:
[cartographer_node-1] Count: 0
[cartographer_node-1] [INFO] [1779007097.628795652] [cartographer logger]: I0517 17:38:17.000000 65628 pose_graph_2d.cc:538] Remaining work items in queue: 2
[cartographer_node-1] [INFO] [1779007097.628822185] [cartographer logger]: I0517 17:38:17.000000 65628 constraint_builder_2d.cc:294] 0 computations resulted in 0 additional constraints.
[cartographer_node-1] [INFO] [1779007097.628830821] [cartographer logger]: I0517 17:38:17.000000 65628 constraint_builder_2d.cc:296] Score histogram:
[cartographer_node-1] Count: 0
[cartographer_node-1] [WARN] [1779007097.694794469] [cartographer logger]: W0517 17:38:17.000000 65609 range_data_collator.cc:82] Dropped 348 earlier points.
[cartographer_node-1] [WARN] [1779007097.695894763] [cartographer logger]: W0517 17:38:17.000000 65609 local_trajectory_builder_2d.cc:316] Local SLAM outlier detected (inserting with reduced constraint weight). score=nan translation_residual=0.0602417 rotation_residual=0.0283688 num_filtered_points=0 medium_outlier_streak=2
[cartographer_node-1] [INFO] [1779007097.696518526] [cartographer logger]: I0517 17:38:17.000000 65628 pose_graph_2d.cc:538] Remaining work items in queue: 1
[cartographer_node-1] [INFO] [1779007097.696538276] [cartographer logger]: I0517 17:38:17.000000 65628 constraint_builder_2d.cc:294] 0 computations resulted in 0 additional constraints.
[cartographer_node-1] [INFO] [1779007097.696546212] [cartographer logger]: I0517 17:38:17.000000 65628 constraint_builder_2d.cc:296] Score histogram:
[cartographer_node-1] Count: 0
[cartographer_node-1] [INFO] [1779007097.799183296] [cartographer logger]: I0517 17:38:17.000000 65627 pose_graph_2d.cc:538] Remaining work items in queue: 0
[cartographer_node-1] [INFO] [1779007097.854441802] [cartographer logger]: I0517 17:38:17.000000 65625 constraint_builder_2d.cc:294] 1 computations resulted in 0 additional constraints.
[cartographer_node-1] [INFO] [1779007097.854464335] [cartographer logger]: I0517 17:38:17.000000 65625 constraint_builder_2d.cc:296] Score histogram:
[cartographer_node-1] Count: 0
[cartographer_node-1] [INFO] [1779007097.861535512] [cartographer logger]: I0517 17:38:17.000000 65625 pose_graph_2d.cc:538] Remaining work items in queue: 1
[cartographer_node-1] [INFO] [1779007097.861565702] [cartographer logger]: I0517 17:38:17.000000 65625 constraint_builder_2d.cc:294] 0 computations resulted in 0 additional constraints.
[cartographer_node-1] [INFO] [1779007097.861595703] [cartographer logger]: I0517 17:38:17.000000 65625 constraint_builder_2d.cc:296] Score histogram:
[cartographer_node-1] Count: 0
[cartographer_node-1] [INFO] [1779007097.942749772] [cartographer logger]: I0517 17:38:17.000000 65628 pose_graph_2d.cc:538] Remaining work items in queue: 0
[cartographer_node-1] [INFO] [1779007097.942787237] [cartographer logger]: I0517 17:38:17.000000 65628 constraint_builder_2d.cc:294] 0 computations resulted in 0 additional constraints.
[cartographer_node-1] [INFO] [1779007097.942821330] [cartographer logger]: I0517 17:38:17.000000 65628 constraint_builder_2d.cc:296] Score histogram:
[cartographer_node-1] Count: 0
[cartographer_node-1] [INFO] [1779007097.990195691] [cartographer logger]: I0517 17:38:17.000000 65628 pose_graph_2d.cc:538] Remaining work items in queue: 0
[cartographer_node-1] [INFO] [1779007097.990221955] [cartographer logger]: I0517 17:38:17.000000 65628 constraint_builder_2d.cc:294] 0 computations resulted in 0 additional constraints.
[cartographer_node-1] [INFO] [1779007097.990230647] [cartographer logger]: I0517 17:38:17.000000 65628 constraint_builder_2d.cc:296] Score histogram:
[cartographer_node-1] Count: 0
[cartographer_node-1] [INFO] [1779007098.038120014] [cartographer logger]: I0517 17:38:18.000000 65627 pose_graph_2d.cc:538] Remaining work items in queue: 0
[cartographer_node-1] [INFO] [1779007098.038149687] [cartographer logger]: I0517 17:38:18.000000 65627 constraint_builder_2d.cc:294] 0 computations resulted in 0 additional constraints.
[cartographer_node-1] [INFO] [1779007098.038158821] [cartographer logger]: I0517 17:38:18.000000 65627 constraint_builder_2d.cc:296] Score histogram:
[cartographer_node-1] Count: 0
[cartographer_node-1] [INFO] [1779007098.086300666] [cartographer logger]: I0517 17:38:18.000000 65626 pose_graph_2d.cc:538] Remaining work items in queue: 0
[cartographer_node-1] [INFO] [1779007098.086331956] [cartographer logger]: I0517 17:38:18.000000 65626 constraint_builder_2d.cc:294] 0 computations resulted in 0 additional constraints.
[cartographer_node-1] [INFO] [1779007098.086341063] [cartographer logger]: I0517 17:38:18.000000 65626 constraint_builder_2d.cc:296] Score histogram:
[cartographer_node-1] Count: 0
[cartographer_node-1] [INFO] [1779007098.139188580] [cartographer logger]: I0517 17:38:18.000000 65625 pose_graph_2d.cc:538] Remaining work items in queue: 0
[cartographer_node-1] [INFO] [1779007098.139217722] [cartographer logger]: I0517 17:38:18.000000 65625 constraint_builder_2d.cc:294] 0 computations resulted in 0 additional constraints.
[cartographer_node-1] [INFO] [1779007098.139228556] [cartographer logger]: I0517 17:38:18.000000 65625 constraint_builder_2d.cc:296] Score histogram:
[cartographer_node-1] Count: 0
[cartographer_node-1] [INFO] [1779007098.205358180] [cartographer logger]: I0517 17:38:18.000000 65628 pose_graph_2d.cc:538] Remaining work items in queue: 0
[cartographer_node-1] [INFO] [1779007098.206987823] [cartographer logger]: I0517 17:38:18.000000 65627 constraint_builder_2d.cc:294] 1 computations resulted in 0 additional constraints.
[cartographer_node-1] [INFO] [1779007098.207007514] [cartographer logger]: I0517 17:38:18.000000 65627 constraint_builder_2d.cc:296] Score histogram:
[cartographer_node-1] Count: 0
[cartographer_node-1] [INFO] [1779007098.238073153] [cartographer logger]: I0517 17:38:18.000000 65625 pose_graph_2d.cc:538] Remaining work items in queue: 0
[cartographer_node-1] [INFO] [1779007098.238119059] [cartographer logger]: I0517 17:38:18.000000 65625 constraint_builder_2d.cc:294] 0 computations resulted in 0 additional constraints.
[cartographer_node-1] [INFO] [1779007098.238134008] [cartographer logger]: I0517 17:38:18.000000 65625 constraint_builder_2d.cc:296] Score histogram:
[cartographer_node-1] Count: 0
[cartographer_node-1] [INFO] [1779007098.319910084] [cartographer logger]: I0517 17:38:18.000000 65626 pose_graph_2d.cc:538] Remaining work items in queue: 0
[cartographer_node-1] [INFO] [1779007098.319942028] [cartographer logger]: I0517 17:38:18.000000 65626 constraint_builder_2d.cc:294] 0 computations resulted in 0 additional constraints.
[cartographer_node-1] [INFO] [1779007098.319950998] [cartographer logger]: I0517 17:38:18.000000 65626 constraint_builder_2d.cc:296] Score histogram:
[cartographer_node-1] Count: 0
[cartographer_node-1] [INFO] [1779007098.407759179] [cartographer logger]: I0517 17:38:18.000000 65625 pose_graph_2d.cc:538] Remaining work items in queue: 0
[cartographer_node-1] [INFO] [1779007098.407783583] [cartographer logger]: I0517 17:38:18.000000 65625 constraint_builder_2d.cc:294] 0 computations resulted in 0 additional constraints.
[cartographer_node-1] [INFO] [1779007098.407791617] [cartographer logger]: I0517 17:38:18.000000 65625 constraint_builder_2d.cc:296] Score histogram:
[cartographer_node-1] Count: 0
[cartographer_node-1] [INFO] [1779007098.438356701] [cartographer logger]: I0517 17:38:18.000000 65628 pose_graph_2d.cc:538] Remaining work items in queue: 0
[cartographer_node-1] [INFO] [1779007098.438382877] [cartographer logger]: I0517 17:38:18.000000 65628 constraint_builder_2d.cc:294] 0 computations resulted in 0 additional constraints.
[cartographer_node-1] [INFO] [1779007098.438390546] [cartographer logger]: I0517 17:38:18.000000 65628 constraint_builder_2d.cc:296] Score histogram:
[cartographer_node-1] Count: 0
[cartographer_node-1] [INFO] [1779007098.495109885] [cartographer logger]: I0517 17:38:18.000000 65628 pose_graph_2d.cc:538] Remaining work items in queue: 0
[cartographer_node-1] [INFO] [1779007098.495147885] [cartographer logger]: I0517 17:38:18.000000 65628 constraint_builder_2d.cc:294] 0 computations resulted in 0 additional constraints.
[cartographer_node-1] [INFO] [1779007098.495156822] [cartographer logger]: I0517 17:38:18.000000 65628 constraint_builder_2d.cc:296] Score histogram:
[cartographer_node-1] Count: 0
[cartographer_node-1] [INFO] [1779007098.541334397] [cartographer logger]: I0517 17:38:18.000000 65627 pose_graph_2d.cc:538] Remaining work items in queue: 0
[cartographer_node-1] [INFO] [1779007098.541356889] [cartographer logger]: I0517 17:38:18.000000 65627 constraint_builder_2d.cc:294] 0 computations resulted in 0 additional constraints.
[cartographer_node-1] [INFO] [1779007098.541379562] [cartographer logger]: I0517 17:38:18.000000 65627 constraint_builder_2d.cc:296] Score histogram:
[cartographer_node-1] Count: 0
[cartographer_node-1] [INFO] [1779007098.588708082] [cartographer logger]: I0517 17:38:18.000000 65627 pose_graph_2d.cc:538] Remaining work items in queue: 0
[cartographer_node-1] [INFO] [1779007098.622722896] [cartographer logger]: I0517 17:38:18.000000 65628 constraint_builder_2d.cc:294] 1 computations resulted in 0 additional constraints.
[cartographer_node-1] [INFO] [1779007098.622746743] [cartographer logger]: I0517 17:38:18.000000 65628 constraint_builder_2d.cc:296] Score histogram:
[cartographer_node-1] Count: 0
[WARNING] [launch]: user interrupted with ctrl-c (SIGINT)
[INFO] [cartographer_node-1]: sending signal 'SIGINT' to process[cartographer_node-1]
[cartographer_node-1] [INFO] [1779007102.717944984] [rclcpp]: signal_handler(SIGINT/SIGTERM)
[cartographer_node-1] [INFO] [1779007102.719231560] [rclcpp]: signal_handler(SIGINT/SIGTERM)
[cartographer_node-1] [WARN] [1779007102.721270434] [cartographer logger]: W0517 17:38:22.000000 65609 tf_bridge.cpp:53] Lookup would require extrapolation into the future.  Requested time 1778568253.530498 but the latest data is at time 1778568253.503170, when looking up transform from frame [laser] to frame [imu]
[cartographer_node-1] [INFO] [1779007102.721601334] [cartographer logger]: I0517 17:38:22.000000 65609 node.cpp:583] Shutdown the subscriber of [scan]
[cartographer_node-1] [INFO] [1779007102.721732826] [cartographer logger]: I0517 17:38:22.000000 65609 node.cpp:583] Shutdown the subscriber of [imu]
[cartographer_node-1] [INFO] [1779007102.721856586] [cartographer logger]: I0517 17:38:22.000000 65609 node.cpp:583] Shutdown the subscriber of [odom_wheel]
[cartographer_node-1] [INFO] [1779007102.721885964] [cartographer logger]: I0517 17:38:22.000000 65609 map_builder_bridge.cpp:156] Finishing trajectory with ID '1'...
[cartographer_node-1] [WARN] [1779007102.726492408] [cartographer logger]: W0517 17:38:22.000000 65609 node.cpp:787] Can't run final optimization if there are one or more active trajectories. Trying to finish trajectory with ID 1 now.
[cartographer_node-1] [INFO] [1779007102.726513251] [cartographer logger]: I0517 17:38:22.000000 65609 node.cpp:565] Trajectory 1 already pending to finish.
[cartographer_node-1] [INFO] [1779007102.726524709] [cartographer logger]: I0517 17:38:22.000000 65628 pose_graph_2d.cc:538] Remaining work items in queue: 0
[cartographer_node-1] [INFO] [1779007102.726543623] [cartographer logger]: I0517 17:38:22.000000 65609 map_builder_bridge.cpp:165] Running final trajectory optimization...
[cartographer_node-1] [INFO] [1779007102.726556738] [cartographer logger]: I0517 17:38:22.000000 65628 constraint_builder_2d.cc:294] 0 computations resulted in 0 additional constraints.
[cartographer_node-1] [INFO] [1779007102.726565507] [cartographer logger]: I0517 17:38:22.000000 65628 constraint_builder_2d.cc:296] Score histogram:
[cartographer_node-1] Count: 0
[cartographer_node-1] [INFO] [1779007102.735126546] [cartographer logger]: I0517 17:38:22.000000 65628 pose_graph_2d.cc:538] Remaining work items in queue: 2
[cartographer_node-1] [INFO] [1779007102.735151828] [cartographer logger]: I0517 17:38:22.000000 65628 constraint_builder_2d.cc:294] 0 computations resulted in 0 additional constraints.
[cartographer_node-1] [INFO] [1779007102.735159106] [cartographer logger]: I0517 17:38:22.000000 65628 constraint_builder_2d.cc:296] Score histogram:
[cartographer_node-1] Count: 0
[cartographer_node-1] [INFO] [1779007102.743282618] [cartographer logger]: I0517 17:38:22.000000 65628 pose_graph_2d.cc:538] Remaining work items in queue: 1
[cartographer_node-1] [INFO] [1779007102.743323210] [cartographer logger]: I0517 17:38:22.000000 65628 constraint_builder_2d.cc:294] 0 computations resulted in 0 additional constraints.
[cartographer_node-1] [INFO] [1779007102.743334742] [cartographer logger]: I0517 17:38:22.000000 65628 constraint_builder_2d.cc:296] Score histogram:
[cartographer_node-1] Count: 0
[cartographer_node-1] [INFO] [1779007102.750173242] [cartographer logger]: I0517 17:38:22.000000 65627 constraint_builder_2d.cc:294] 0 computations resulted in 0 additional constraints.
[cartographer_node-1] [INFO] [1779007102.750192611] [cartographer logger]: I0517 17:38:22.000000 65627 constraint_builder_2d.cc:296] Score histogram:
[cartographer_node-1] Count: 0
[cartographer_node-1] [KOptimizing: Done.     
[cartographer_node-1] [INFO] [1779007102.751936547] [cartographer logger]: I0517 17:38:22.000000 65625 constraint_builder_2d.cc:294] 0 computations resulted in 0 additional constraints.
[cartographer_node-1] [INFO] [1779007102.751953850] [cartographer logger]: I0517 17:38:22.000000 65625 constraint_builder_2d.cc:296] Score histogram:
[cartographer_node-1] Count: 0
[cartographer_node-1] [KOptimizing: Done.     
[INFO] [cartographer_node-1]: process has finished cleanly [pid 65609]
