[INFO] [1778668951.974786676] [metrics_collector]: Using ReadMetrics service: /read_metrics

📊 메트릭 수집 시작
   기간: 35초
   간격: 1.0초
   출력: /home/symoon/Desktop/F1/Local_SLAM_Complete/local_SLAM_imu_wheel_ver2/metrics_data/wheel_odom_tuning/headless_runs/local_wheel_003_reduced
------------------------------------------------------------
[  0.0%] 반복 #  1 - 수집된 항목: 41[  2.9%] 반복 #  2 - 수집된 항목: 41[  5.8%] 반복 #  3 - 수집된 항목: 41[  8.8%] 반복 #  4 - 수집된 항목: 41[ 11.7%] 반복 #  5 - 수집된 항목: 56[ 14.6%] 반복 #  6 - 수집된 항목: 56[ 17.6%] 반복 #  7 - 수집된 항목: 56[ 20.6%] 반복 #  8 - 수집된 항목: 61[ 23.6%] 반복 #  9 - 수집된 항목: 61[ 26.6%] 반복 # 10 - 수집된 항목: 61

수집 중단됨
Traceback (most recent call last):
  File "/home/symoon/Desktop/F1/Local_SLAM_Complete/local_SLAM_imu_wheel_ver2/collect_metrics.py", line 286, in <module>
    main()
  File "/home/symoon/Desktop/F1/Local_SLAM_Complete/local_SLAM_imu_wheel_ver2/collect_metrics.py", line 282, in main
    rclpy.shutdown()
  File "/opt/ros/humble/local/lib/python3.10/dist-packages/rclpy/__init__.py", line 130, in shutdown
    _shutdown(context=context)
  File "/opt/ros/humble/local/lib/python3.10/dist-packages/rclpy/utilities.py", line 58, in shutdown
    return context.shutdown()
  File "/opt/ros/humble/local/lib/python3.10/dist-packages/rclpy/context.py", line 102, in shutdown
    self.__context.shutdown()
rclpy._rclpy_pybind11.RCLError: failed to shutdown: rcl_shutdown already called on the given context, at ./src/rcl/init.c:241
