[WARN] [1779890824.039877061] [rcl]: ROS_LOCALHOST_ONLY is deprecated but still honored if it is enabled. Use ROS_AUTOMATIC_DISCOVERY_RANGE and ROS_STATIC_PEERS instead.
[WARN] [1779890824.039915119] [rcl]: 'localhost_only' is enabled, 'automatic_discovery_range' and 'static_peers' will be ignored.
{
  "metrics": {
    "mapping_2d_local_trajectory_builder_cpu_real_time_ratio": {
      "max": 6.008400316023046,
      "mean": 3.8292107517217304,
      "min": 2.6796226180300424,
      "p50": 3.4983697295334117,
      "p90": 5.469727469551397,
      "p95": 5.527898099687758,
      "samples": 38
    },
    "mapping_2d_local_trajectory_builder_latency": {
      "max": 0.058205619,
      "mean": 0.01990017994736842,
      "min": 0.005308098,
      "p50": 0.018425408,
      "p90": 0.037202961,
      "p95": 0.039977798,
      "samples": 38
    },
    "mapping_2d_local_trajectory_builder_real_time_ratio": {
      "max": 4.769956651496598,
      "mean": 1.706416378183947,
      "min": 0.5165910184719451,
      "p50": 1.0947804254771525,
      "p90": 3.762119689576191,
      "p95": 4.009902154671645,
      "samples": 38
    },
    "mapping_2d_pose_graph_work_queue_delay": {
      "max": 3.208e-05,
      "mean": 3.099425e-06,
      "min": 0.0,
      "p50": 0.0,
      "p90": 8.474e-06,
      "p95": 1.2096e-05,
      "samples": 40
    },
    "mapping_2d_pose_graph_work_queue_size": {
      "max": 2.0,
      "mean": 0.125,
      "min": 0.0,
      "p50": 0.0,
      "p90": 0.0,
      "p95": 1.0,
      "samples": 40
    },
    "mapping_global_trajectory_builder_local_slam_results[type=InsertionResult]": {
      "final": 162.0,
      "max": 162.0,
      "mean": 49.875,
      "min": 0.0,
      "p50": 38.0,
      "p90": 127.0,
      "p95": 149.0,
      "samples": 40
    },
    "mapping_global_trajectory_builder_local_slam_results[type=MatchingResult]": {
      "final": 750.0,
      "max": 750.0,
      "mean": 362.05,
      "min": 0.0,
      "p50": 361.5,
      "p90": 671.0,
      "p95": 710.0,
      "samples": 40
    }
  },
  "rows": 40,
  "successful_reads": 40
}
