[WARN] [1779893603.007190174] [rcl]: ROS_LOCALHOST_ONLY is deprecated but still honored if it is enabled. Use ROS_AUTOMATIC_DISCOVERY_RANGE and ROS_STATIC_PEERS instead.
[WARN] [1779893603.007224932] [rcl]: 'localhost_only' is enabled, 'automatic_discovery_range' and 'static_peers' will be ignored.
{
  "duration_stamp": 57.449991941452026,
  "final_pose": {
    "x": 6.692525642226672,
    "y": 3.379639451533613,
    "yaw": -3.0976140911257355
  },
  "first_odom_stamp": 1779099286.5754786,
  "imu_age_sec": {
    "max": 0.0028934478759765625,
    "mean": -0.007225838423191357,
    "min": -0.023532390594482422,
    "p50": -0.008425235748291016,
    "p90": 0.0024776458740234375,
    "p95": 0.0025300979614257812
  },
  "last_odom_stamp": 1779099344.0254705,
  "odom_latency_sec": {
    "max": 0.025072813034057617,
    "mean": 0.0004798531740331733,
    "min": 0.0,
    "p50": 0.0,
    "p90": 0.0,
    "p95": 0.0
  },
  "odom_stamp_monotonic_errors": 0,
  "odom_wheel_age_sec": {
    "max": 0.018715381622314453,
    "mean": -0.0029287995676303617,
    "min": -0.02167797088623047,
    "p50": -0.001462101936340332,
    "p90": 0.013433456420898438,
    "p95": 0.013646841049194336
  },
  "samples": 1146,
  "scan_age_sec": {
    "max": 0.0213468074798584,
    "mean": -0.004036650191634945,
    "min": -0.024967432022094727,
    "p50": -0.003911256790161133,
    "p90": 0.010486602783203125,
    "p95": 0.010861873626708984
  },
  "tracked_pose_latency_sec": {
    "max": 0.025072813034057617,
    "mean": 0.000785203504312725,
    "min": -2.384185791015625e-07,
    "p50": 0.0,
    "p90": 0.0,
    "p95": 2.384185791015625e-07
  },
  "tracked_to_odom_stamp_delta_sec": {
    "max": 0.02503037452697754,
    "mean": 0.00030535033027955167,
    "min": -2.384185791015625e-07,
    "p50": 0.0,
    "p90": 0.0,
    "p95": 2.384185791015625e-07
  }
}
