[INFO] [1778815869.958873023] [tf2_echo]: Waiting for transform map ->  base_link: Invalid frame ID "map" passed to canTransform argument target_frame - frame does not exist
[INFO] [1778815871.949413237] [tf2_echo]: Waiting for transform map ->  base_link: Invalid frame ID "map" passed to canTransform argument target_frame - frame does not exist
[INFO] [1778815873.949455223] [tf2_echo]: Waiting for transform map ->  base_link: Invalid frame ID "map" passed to canTransform argument target_frame - frame does not exist
At time 1773391526.699709100
- Translation: [-0.294, -0.004, -0.060]
- Rotation: in Quaternion (xyzw) [0.000, 0.000, -0.001, 1.000]
- Rotation: in RPY (radian) [0.000, 0.000, -0.002]
- Rotation: in RPY (degree) [0.000, 0.000, -0.096]
- Matrix:
  1.000  0.002  0.000 -0.294
 -0.002  1.000 -0.000 -0.004
 -0.000  0.000  1.000 -0.060
  0.000  0.000  0.000  1.000
At time 1773391527.674820300
- Translation: [-0.311, -0.002, -0.060]
- Rotation: in Quaternion (xyzw) [0.000, 0.000, -0.001, 1.000]
- Rotation: in RPY (radian) [0.000, 0.000, -0.002]
- Rotation: in RPY (degree) [0.000, 0.000, -0.093]
- Matrix:
  1.000  0.002  0.000 -0.311
 -0.002  1.000 -0.000 -0.002
 -0.000  0.000  1.000 -0.060
  0.000  0.000  0.000  1.000
At time 1773391528.700058700
- Translation: [-0.123, 0.002, -0.060]
- Rotation: in Quaternion (xyzw) [0.000, 0.000, 0.010, 1.000]
- Rotation: in RPY (radian) [0.000, -0.000, 0.020]
- Rotation: in RPY (degree) [0.000, -0.000, 1.174]
- Matrix:
  1.000 -0.020  0.000 -0.123
  0.020  1.000  0.000  0.002
  0.000  0.000  1.000 -0.060
  0.000  0.000  0.000  1.000
At time 1773391529.675109700
- Translation: [1.956, 0.302, -0.060]
- Rotation: in Quaternion (xyzw) [0.000, 0.000, 0.148, 0.989]
- Rotation: in RPY (radian) [0.000, -0.000, 0.297]
- Rotation: in RPY (degree) [0.000, -0.000, 17.009]
- Matrix:
  0.956 -0.293  0.000  1.956
  0.293  0.956  0.000  0.302
  0.000  0.000  1.000 -0.060
  0.000  0.000  0.000  1.000
At time 1773391530.675247800
- Translation: [-4.795, -0.468, -0.060]
- Rotation: in Quaternion (xyzw) [0.000, 0.000, 0.993, 0.120]
- Rotation: in RPY (radian) [0.000, -0.000, 2.900]
- Rotation: in RPY (degree) [0.000, -0.000, 166.164]
- Matrix:
 -0.971 -0.239  0.000 -4.795
  0.239 -0.971  0.000 -0.468
  0.000  0.000  1.000 -0.060
  0.000  0.000  0.000  1.000
At time 1773391531.675453100
- Translation: [-5.853, 0.663, -0.060]
- Rotation: in Quaternion (xyzw) [0.000, 0.000, 0.652, 0.758]
- Rotation: in RPY (radian) [0.000, -0.000, 1.422]
- Rotation: in RPY (degree) [0.000, -0.000, 81.451]
- Matrix:
  0.149 -0.989  0.000 -5.853
  0.989  0.149  0.000  0.663
  0.000  0.000  1.000 -0.060
  0.000  0.000  0.000  1.000
At time 1773391532.700591100
- Translation: [-5.283, 2.552, -0.060]
- Rotation: in Quaternion (xyzw) [0.000, 0.000, 0.849, 0.529]
- Rotation: in RPY (radian) [0.000, -0.000, 2.028]
- Rotation: in RPY (degree) [0.000, -0.000, 116.171]
- Matrix:
 -0.441 -0.897  0.000 -5.283
  0.897 -0.441  0.000  2.552
  0.000  0.000  1.000 -0.060
  0.000  0.000  0.000  1.000
At time 1773391533.675742100
- Translation: [-6.024, 3.476, -0.060]
- Rotation: in Quaternion (xyzw) [0.000, 0.000, 0.770, 0.638]
- Rotation: in RPY (radian) [0.000, -0.000, 1.758]
- Rotation: in RPY (degree) [0.000, -0.000, 100.753]
- Matrix:
 -0.187 -0.982  0.000 -6.024
  0.982 -0.187  0.000  3.476
  0.000  0.000  1.000 -0.060
  0.000  0.000  0.000  1.000
At time 1773391534.700860200
- Translation: [-5.365, 4.553, -0.060]
- Rotation: in Quaternion (xyzw) [-0.000, -0.000, 0.039, 0.999]
- Rotation: in RPY (radian) [-0.000, -0.000, 0.077]
- Rotation: in RPY (degree) [-0.000, -0.000, 4.432]
- Matrix:
  0.997 -0.077 -0.000 -5.365
  0.077  0.997  0.000  4.553
  0.000 -0.000  1.000 -0.060
  0.000  0.000  0.000  1.000
At time 1773391535.675986200
- Translation: [-2.820, 3.661, -0.060]
- Rotation: in Quaternion (xyzw) [0.000, 0.000, -0.199, 0.980]
- Rotation: in RPY (radian) [0.000, 0.000, -0.400]
- Rotation: in RPY (degree) [0.000, 0.000, -22.929]
- Matrix:
  0.921  0.390  0.000 -2.820
 -0.390  0.921 -0.000  3.661
 -0.000  0.000  1.000 -0.060
  0.000  0.000  0.000  1.000
At time 1773391536.676144800
- Translation: [0.834, 3.144, -0.060]
- Rotation: in Quaternion (xyzw) [-0.000, -0.000, 0.217, 0.976]
- Rotation: in RPY (radian) [-0.000, -0.000, 0.437]
- Rotation: in RPY (degree) [-0.000, -0.000, 25.026]
- Matrix:
  0.906 -0.423 -0.000  0.834
  0.423  0.906  0.000  3.144
  0.000 -0.000  1.000 -0.060
  0.000  0.000  0.000  1.000
At time 1773391537.651247200
- Translation: [4.205, 4.224, -0.060]
- Rotation: in Quaternion (xyzw) [0.000, 0.000, -0.070, 0.998]
- Rotation: in RPY (radian) [0.000, 0.000, -0.141]
- Rotation: in RPY (degree) [0.000, 0.000, -8.073]
- Matrix:
  0.990  0.140  0.000  4.205
 -0.140  0.990 -0.000  4.224
 -0.000  0.000  1.000 -0.060
  0.000  0.000  0.000  1.000
At time 1773391538.676422300
- Translation: [6.510, 2.686, -0.060]
- Rotation: in Quaternion (xyzw) [0.000, 0.000, -0.670, 0.743]
- Rotation: in RPY (radian) [0.000, 0.000, -1.467]
- Rotation: in RPY (degree) [0.000, 0.000, -84.074]
- Matrix:
  0.103  0.995  0.000  6.510
 -0.995  0.103 -0.000  2.686
 -0.000  0.000  1.000 -0.060
  0.000  0.000  0.000  1.000
At time 1773391539.701465300
- Translation: [5.002, 0.427, -0.060]
- Rotation: in Quaternion (xyzw) [0.000, 0.000, 0.981, -0.194]
- Rotation: in RPY (radian) [0.000, -0.000, -2.752]
- Rotation: in RPY (degree) [0.000, -0.000, -157.676]
- Matrix:
 -0.925  0.380  0.000  5.002
 -0.380 -0.925  0.000  0.427
  0.000  0.000  1.000 -0.060
  0.000  0.000  0.000  1.000
At time 1773391540.701599600
- Translation: [1.153, -0.128, -0.060]
- Rotation: in Quaternion (xyzw) [0.000, 0.000, 0.997, -0.080]
- Rotation: in RPY (radian) [0.000, -0.000, -2.982]
- Rotation: in RPY (degree) [0.000, -0.000, -170.829]
- Matrix:
 -0.987  0.159  0.000  1.153
 -0.159 -0.987  0.000 -0.128
  0.000  0.000  1.000 -0.060
  0.000  0.000  0.000  1.000
At time 1773391541.701795000
- Translation: [-1.916, -0.179, -0.060]
- Rotation: in Quaternion (xyzw) [0.000, 0.000, 1.000, 0.010]
- Rotation: in RPY (radian) [0.000, -0.000, 3.122]
- Rotation: in RPY (degree) [0.000, -0.000, 178.869]
- Matrix:
 -1.000 -0.020  0.000 -1.916
  0.020 -1.000  0.000 -0.179
  0.000  0.000  1.000 -0.060
  0.000  0.000  0.000  1.000
At time 1773391542.676950300
- Translation: [-4.707, -0.253, -0.060]
- Rotation: in Quaternion (xyzw) [0.000, 0.000, 1.000, -0.006]
- Rotation: in RPY (radian) [0.000, -0.000, -3.129]
- Rotation: in RPY (degree) [0.000, -0.000, -179.285]
- Matrix:
 -1.000  0.012  0.000 -4.707
 -0.012 -1.000  0.000 -0.253
  0.000  0.000  1.000 -0.060
  0.000  0.000  0.000  1.000
At time 1773391543.702026300
- Translation: [-5.837, 0.621, -0.060]
- Rotation: in Quaternion (xyzw) [0.000, 0.000, 0.701, 0.713]
- Rotation: in RPY (radian) [0.000, -0.000, 1.555]
- Rotation: in RPY (degree) [0.000, -0.000, 89.069]
- Matrix:
  0.016 -1.000  0.000 -5.837
  1.000  0.016  0.000  0.621
  0.000  0.000  1.000 -0.060
  0.000  0.000  0.000  1.000
At time 1773391544.677218000
- Translation: [-5.353, 1.931, -0.060]
- Rotation: in Quaternion (xyzw) [0.000, 0.000, 0.785, 0.619]
- Rotation: in RPY (radian) [0.000, -0.000, 1.806]
- Rotation: in RPY (degree) [0.000, -0.000, 103.489]
- Matrix:
 -0.233 -0.972  0.000 -5.353
  0.972 -0.233  0.000  1.931
  0.000  0.000  1.000 -0.060
  0.000  0.000  0.000  1.000
At time 1773391545.677311100
- Translation: [-6.075, 3.618, -0.060]
- Rotation: in Quaternion (xyzw) [0.000, 0.000, 0.616, 0.788]
- Rotation: in RPY (radian) [0.000, -0.000, 1.327]
- Rotation: in RPY (degree) [0.000, -0.000, 76.016]
- Matrix:
  0.242 -0.970  0.000 -6.075
  0.970  0.242  0.000  3.618
  0.000  0.000  1.000 -0.060
  0.000  0.000  0.000  1.000
At time 1773391546.627490400
- Translation: [-4.710, 4.507, -0.060]
- Rotation: in Quaternion (xyzw) [0.000, 0.000, -0.074, 0.997]
- Rotation: in RPY (radian) [0.000, 0.000, -0.148]
- Rotation: in RPY (degree) [0.000, 0.000, -8.466]
- Matrix:
  0.989  0.147  0.000 -4.710
 -0.147  0.989 -0.000  4.507
 -0.000  0.000  1.000 -0.060
  0.000  0.000  0.000  1.000
At time 1773391547.677517900
- Translation: [-1.592, 3.110, -0.060]
- Rotation: in Quaternion (xyzw) [0.000, 0.000, -0.122, 0.993]
- Rotation: in RPY (radian) [0.000, 0.000, -0.245]
- Rotation: in RPY (degree) [0.000, 0.000, -14.021]
- Matrix:
  0.970  0.242  0.000 -1.592
 -0.242  0.970 -0.000  3.110
 -0.000  0.000  1.000 -0.060
  0.000  0.000  0.000  1.000
At time 1773391548.677689600
- Translation: [1.787, 3.625, -0.060]
- Rotation: in Quaternion (xyzw) [-0.000, -0.000, 0.173, 0.985]
- Rotation: in RPY (radian) [-0.000, -0.000, 0.347]
- Rotation: in RPY (degree) [-0.000, -0.000, 19.892]
- Matrix:
  0.940 -0.340 -0.000  1.787
  0.340  0.940  0.000  3.625
  0.000 -0.000  1.000 -0.060
  0.000  0.000  0.000  1.000
At time 1773391549.677868500
- Translation: [5.330, 3.742, -0.060]
- Rotation: in Quaternion (xyzw) [0.000, 0.000, -0.321, 0.947]
- Rotation: in RPY (radian) [0.000, 0.000, -0.654]
- Rotation: in RPY (degree) [0.000, 0.000, -37.465]
- Matrix:
  0.794  0.608  0.000  5.330
 -0.608  0.794 -0.000  3.742
 -0.000  0.000  1.000 -0.060
  0.000  0.000  0.000  1.000
At time 1773391550.677995300
- Translation: [6.448, 1.459, -0.060]
- Rotation: in Quaternion (xyzw) [0.000, 0.000, -0.842, 0.540]
- Rotation: in RPY (radian) [0.000, 0.000, -2.002]
- Rotation: in RPY (degree) [0.000, 0.000, -114.686]
- Matrix:
 -0.418  0.909  0.000  6.448
 -0.909 -0.418 -0.000  1.459
 -0.000  0.000  1.000 -0.060
  0.000  0.000  0.000  1.000
At time 1773391551.678113100
- Translation: [3.717, -0.557, -0.060]
- Rotation: in Quaternion (xyzw) [0.000, 0.000, 0.998, -0.063]
- Rotation: in RPY (radian) [0.000, -0.000, -3.016]
- Rotation: in RPY (degree) [0.000, -0.000, -172.819]
- Matrix:
 -0.992  0.125  0.000  3.717
 -0.125 -0.992  0.000 -0.557
  0.000  0.000  1.000 -0.060
  0.000  0.000  0.000  1.000
At time 1773391552.678202300
- Translation: [-1.022, -0.354, -0.060]
- Rotation: in Quaternion (xyzw) [0.000, 0.000, 1.000, -0.023]
- Rotation: in RPY (radian) [0.000, -0.000, -3.095]
- Rotation: in RPY (degree) [0.000, -0.000, -177.325]
- Matrix:
 -0.999  0.047  0.000 -1.022
 -0.047 -0.999  0.000 -0.354
  0.000  0.000  1.000 -0.060
  0.000  0.000  0.000  1.000
At time 1773391553.653377400
- Translation: [-4.164, -0.356, -0.060]
- Rotation: in Quaternion (xyzw) [0.000, 0.000, 0.994, 0.109]
- Rotation: in RPY (radian) [0.000, -0.000, 2.923]
- Rotation: in RPY (degree) [0.000, -0.000, 167.478]
- Matrix:
 -0.976 -0.217  0.000 -4.164
  0.217 -0.976  0.000 -0.356
  0.000  0.000  1.000 -0.060
  0.000  0.000  0.000  1.000
At time 1773391554.678563900
- Translation: [-5.756, 0.563, -0.060]
- Rotation: in Quaternion (xyzw) [0.000, 0.000, 0.823, 0.569]
- Rotation: in RPY (radian) [0.000, -0.000, 1.932]
- Rotation: in RPY (degree) [0.000, -0.000, 110.677]
- Matrix:
 -0.353 -0.936  0.000 -5.756
  0.936 -0.353  0.000  0.563
  0.000  0.000  1.000 -0.060
  0.000  0.000  0.000  1.000
At time 1773391555.703597100
- Translation: [-5.275, 2.099, -0.060]
- Rotation: in Quaternion (xyzw) [0.000, 0.000, 0.650, 0.760]
- Rotation: in RPY (radian) [0.000, -0.000, 1.415]
- Rotation: in RPY (degree) [0.000, -0.000, 81.060]
- Matrix:
  0.155 -0.988  0.000 -5.275
  0.988  0.155  0.000  2.099
  0.000  0.000  1.000 -0.060
  0.000  0.000  0.000  1.000
At time 1773391556.678749300
- Translation: [-5.749, 3.465, -0.060]
- Rotation: in Quaternion (xyzw) [0.000, 0.000, 0.797, 0.604]
- Rotation: in RPY (radian) [0.000, -0.000, 1.846]
- Rotation: in RPY (degree) [0.000, -0.000, 105.757]
- Matrix:
 -0.272 -0.962  0.000 -5.749
  0.962 -0.272  0.000  3.465
  0.000  0.000  1.000 -0.060
  0.000  0.000  0.000  1.000
At time 1773391557.703900800
- Translation: [-5.182, 4.729, -0.060]
- Rotation: in Quaternion (xyzw) [-0.000, -0.000, 0.136, 0.991]
- Rotation: in RPY (radian) [-0.000, -0.000, 0.272]
- Rotation: in RPY (degree) [-0.000, -0.000, 15.580]
- Matrix:
  0.963 -0.269 -0.000 -5.182
  0.269  0.963  0.000  4.729
  0.000 -0.000  1.000 -0.060
  0.000  0.000  0.000  1.000
At time 1773391558.703993200
- Translation: [-2.794, 3.892, -0.060]
- Rotation: in Quaternion (xyzw) [0.000, 0.000, -0.247, 0.969]
- Rotation: in RPY (radian) [0.000, 0.000, -0.499]
- Rotation: in RPY (degree) [0.000, 0.000, -28.565]
- Matrix:
  0.878  0.478  0.000 -2.794
 -0.478  0.878 -0.000  3.892
 -0.000  0.000  1.000 -0.060
  0.000  0.000  0.000  1.000
At time 1773391559.679140300
- Translation: [0.113, 3.140, -0.060]
- Rotation: in Quaternion (xyzw) [0.000, 0.000, -0.042, 0.999]
- Rotation: in RPY (radian) [0.000, 0.000, -0.084]
- Rotation: in RPY (degree) [0.000, 0.000, -4.815]
- Matrix:
  0.996  0.084  0.000  0.113
 -0.084  0.996 -0.000  3.140
 -0.000  0.000  1.000 -0.060
  0.000  0.000  0.000  1.000
At time 1773391560.679284800
- Translation: [2.776, 3.408, -0.060]
- Rotation: in Quaternion (xyzw) [-0.000, -0.000, 0.143, 0.990]
- Rotation: in RPY (radian) [-0.000, -0.000, 0.288]
- Rotation: in RPY (degree) [-0.000, -0.000, 16.486]
- Matrix:
  0.959 -0.284 -0.000  2.776
  0.284  0.959  0.000  3.408
  0.000 -0.000  1.000 -0.060
  0.000  0.000  0.000  1.000
At time 1773391561.679449900
- Translation: [4.230, 3.575, -0.060]
- Rotation: in Quaternion (xyzw) [0.000, 0.000, -0.072, 0.997]
- Rotation: in RPY (radian) [0.000, 0.000, -0.144]
- Rotation: in RPY (degree) [0.000, 0.000, -8.264]
- Matrix:
  0.990  0.144  0.000  4.230
 -0.144  0.990 -0.000  3.575
 -0.000  0.000  1.000 -0.060
  0.000  0.000  0.000  1.000
At time 1773391562.679487200
- Translation: [5.816, 2.314, -0.060]
- Rotation: in Quaternion (xyzw) [0.000, 0.000, -0.618, 0.786]
- Rotation: in RPY (radian) [0.000, 0.000, -1.331]
- Rotation: in RPY (degree) [0.000, 0.000, -76.285]
- Matrix:
  0.237  0.971  0.000  5.816
 -0.971  0.237 -0.000  2.314
 -0.000  0.000  1.000 -0.060
  0.000  0.000  0.000  1.000
At time 1773391563.679608200
- Translation: [5.081, 0.311, -0.060]
- Rotation: in Quaternion (xyzw) [0.000, 0.000, 0.973, -0.231]
- Rotation: in RPY (radian) [0.000, -0.000, -2.675]
- Rotation: in RPY (degree) [0.000, -0.000, -153.254]
- Matrix:
 -0.893  0.450  0.000  5.081
 -0.450 -0.893  0.000  0.311
  0.000  0.000  1.000 -0.060
  0.000  0.000  0.000  1.000
At time 1773391564.679816000
- Translation: [1.431, -0.469, -0.060]
- Rotation: in Quaternion (xyzw) [0.000, 0.000, 0.997, -0.071]
- Rotation: in RPY (radian) [0.000, -0.000, -2.999]
- Rotation: in RPY (degree) [0.000, -0.000, -171.827]
- Matrix:
 -0.990  0.142  0.000  1.431
 -0.142 -0.990  0.000 -0.469
  0.000  0.000  1.000 -0.060
  0.000  0.000  0.000  1.000
At time 1773391565.679894300
- Translation: [-3.496, -0.381, -0.060]
- Rotation: in Quaternion (xyzw) [0.000, 0.000, 0.999, 0.047]
- Rotation: in RPY (radian) [0.000, -0.000, 3.048]
- Rotation: in RPY (degree) [0.000, -0.000, 174.628]
- Matrix:
 -0.996 -0.094  0.000 -3.496
  0.094 -0.996  0.000 -0.381
  0.000  0.000  1.000 -0.060
  0.000  0.000  0.000  1.000
At time 1773391566.655054500
- Translation: [-6.226, 0.039, -0.060]
- Rotation: in Quaternion (xyzw) [0.000, 0.000, 0.912, 0.410]
- Rotation: in RPY (radian) [0.000, -0.000, 2.297]
- Rotation: in RPY (degree) [0.000, -0.000, 131.585]
- Matrix:
 -0.664 -0.748  0.000 -6.226
  0.748 -0.664  0.000  0.039
  0.000  0.000  1.000 -0.060
  0.000  0.000  0.000  1.000
At time 1773391567.680237700
- Translation: [-5.966, 1.561, -0.060]
- Rotation: in Quaternion (xyzw) [-0.000, -0.000, 0.330, 0.944]
- Rotation: in RPY (radian) [-0.000, -0.000, 0.672]
- Rotation: in RPY (degree) [-0.000, -0.000, 38.494]
- Matrix:
  0.783 -0.622 -0.000 -5.966
  0.622  0.783  0.000  1.561
  0.000 -0.000  1.000 -0.060
  0.000  0.000  0.000  1.000
At time 1773391568.705309000
- Translation: [-5.509, 2.871, -0.060]
- Rotation: in Quaternion (xyzw) [0.000, 0.000, 0.875, 0.484]
- Rotation: in RPY (radian) [0.000, -0.000, 2.132]
- Rotation: in RPY (degree) [0.000, -0.000, 122.146]
- Matrix:
 -0.532 -0.847  0.000 -5.509
  0.847 -0.532  0.000  2.871
  0.000  0.000  1.000 -0.060
  0.000  0.000  0.000  1.000
At time 1773391569.680369800
- Translation: [-5.996, 3.789, -0.060]
- Rotation: in Quaternion (xyzw) [0.000, 0.000, 0.619, 0.786]
- Rotation: in RPY (radian) [0.000, -0.000, 1.334]
- Rotation: in RPY (degree) [0.000, -0.000, 76.459]
- Matrix:
  0.234 -0.972  0.000 -5.996
  0.972  0.234  0.000  3.789
  0.000  0.000  1.000 -0.060
  0.000  0.000  0.000  1.000
At time 1773391570.680518600
- Translation: [-4.709, 4.468, -0.060]
- Rotation: in Quaternion (xyzw) [0.000, 0.000, -0.137, 0.991]
- Rotation: in RPY (radian) [0.000, 0.000, -0.275]
- Rotation: in RPY (degree) [0.000, 0.000, -15.744]
- Matrix:
  0.962  0.271  0.000 -4.709
 -0.271  0.962 -0.000  4.468
 -0.000  0.000  1.000 -0.060
  0.000  0.000  0.000  1.000
At time 1773391571.680620700
- Translation: [-2.172, 3.357, -0.060]
- Rotation: in Quaternion (xyzw) [0.000, 0.000, -0.211, 0.977]
- Rotation: in RPY (radian) [0.000, 0.000, -0.426]
- Rotation: in RPY (degree) [0.000, 0.000, -24.416]
- Matrix:
  0.911  0.413  0.000 -2.172
 -0.413  0.911 -0.000  3.357
 -0.000  0.000  1.000 -0.060
  0.000  0.000  0.000  1.000
At time 1773391572.680798200
- Translation: [1.012, 2.511, -0.060]
- Rotation: in Quaternion (xyzw) [-0.000, -0.000, 0.219, 0.976]
- Rotation: in RPY (radian) [-0.000, -0.000, 0.443]
- Rotation: in RPY (degree) [-0.000, -0.000, 25.359]
- Matrix:
  0.904 -0.428 -0.000  1.012
  0.428  0.904  0.000  2.511
  0.000 -0.000  1.000 -0.060
  0.000  0.000  0.000  1.000
At time 1773391573.680885700
- Translation: [3.725, 4.096, -0.060]
- Rotation: in Quaternion (xyzw) [-0.000, -0.000, 0.074, 0.997]
- Rotation: in RPY (radian) [-0.000, -0.000, 0.148]
- Rotation: in RPY (degree) [-0.000, -0.000, 8.498]
- Matrix:
  0.989 -0.148 -0.000  3.725
  0.148  0.989  0.000  4.096
  0.000 -0.000  1.000 -0.060
  0.000  0.000  0.000  1.000
At time 1773391574.680989700
- Translation: [6.621, 3.323, -0.060]
- Rotation: in Quaternion (xyzw) [0.000, 0.000, -0.512, 0.859]
- Rotation: in RPY (radian) [0.000, 0.000, -1.075]
- Rotation: in RPY (degree) [0.000, 0.000, -61.608]
- Matrix:
  0.476  0.880  0.000  6.621
 -0.880  0.476 -0.000  3.323
 -0.000  0.000  1.000 -0.060
  0.000  0.000  0.000  1.000
At time 1773391575.681196700
- Translation: [6.029, 1.159, -0.060]
- Rotation: in Quaternion (xyzw) [0.000, 0.000, 0.960, -0.281]
- Rotation: in RPY (radian) [0.000, -0.000, -2.572]
- Rotation: in RPY (degree) [0.000, -0.000, -147.387]
- Matrix:
 -0.842  0.539  0.000  6.029
 -0.539 -0.842  0.000  1.159
  0.000  0.000  1.000 -0.060
  0.000  0.000  0.000  1.000
At time 1773391576.681243400
- Translation: [1.930, -0.119, -0.060]
- Rotation: in Quaternion (xyzw) [0.000, 0.000, 1.000, -0.021]
- Rotation: in RPY (radian) [0.000, -0.000, -3.100]
- Rotation: in RPY (degree) [0.000, -0.000, -177.638]
- Matrix:
 -0.999  0.041  0.000  1.930
 -0.041 -0.999  0.000 -0.119
  0.000  0.000  1.000 -0.060
  0.000  0.000  0.000  1.000
At time 1773391577.681399200
- Translation: [-3.248, -0.475, -0.060]
- Rotation: in Quaternion (xyzw) [0.000, 0.000, 0.994, 0.110]
- Rotation: in RPY (radian) [0.000, -0.000, 2.921]
- Rotation: in RPY (degree) [0.000, -0.000, 167.364]
- Matrix:
 -0.976 -0.219  0.000 -3.248
  0.219 -0.976  0.000 -0.475
  0.000  0.000  1.000 -0.060
  0.000  0.000  0.000  1.000
At time 1773391578.681480700
- Translation: [-5.554, 0.105, -0.060]
- Rotation: in Quaternion (xyzw) [0.000, 0.000, 0.982, 0.189]
- Rotation: in RPY (radian) [0.000, -0.000, 2.761]
- Rotation: in RPY (degree) [0.000, -0.000, 158.218]
- Matrix:
 -0.929 -0.371  0.000 -5.554
  0.371 -0.929  0.000  0.105
  0.000  0.000  1.000 -0.060
  0.000  0.000  0.000  1.000
At time 1773391579.656667700
- Translation: [-6.100, 1.104, -0.060]
- Rotation: in Quaternion (xyzw) [0.000, 0.000, 0.589, 0.808]
- Rotation: in RPY (radian) [0.000, -0.000, 1.259]
- Rotation: in RPY (degree) [0.000, -0.000, 72.107]
- Matrix:
  0.307 -0.952  0.000 -6.100
  0.952  0.307  0.000  1.104
  0.000  0.000  1.000 -0.060
  0.000  0.000  0.000  1.000
At time 1773391580.656787500
- Translation: [-5.769, 1.814, -0.060]
- Rotation: in Quaternion (xyzw) [0.000, 0.000, 0.651, 0.759]
- Rotation: in RPY (radian) [0.000, -0.000, 1.418]
- Rotation: in RPY (degree) [0.000, -0.000, 81.241]
- Matrix:
  0.152 -0.988  0.000 -5.769
  0.988  0.152  0.000  1.814
  0.000  0.000  1.000 -0.060
  0.000  0.000  0.000  1.000
At time 1773391581.681947300
- Translation: [-6.033, 2.902, -0.060]
- Rotation: in Quaternion (xyzw) [0.000, 0.000, 0.855, 0.518]
- Rotation: in RPY (radian) [0.000, -0.000, 2.053]
- Rotation: in RPY (degree) [0.000, -0.000, 117.617]
- Matrix:
 -0.464 -0.886  0.000 -6.033
  0.886 -0.464  0.000  2.902
  0.000  0.000  1.000 -0.060
  0.000  0.000  0.000  1.000
At time 1773391582.682016200
- Translation: [-6.097, 4.002, -0.060]
- Rotation: in Quaternion (xyzw) [0.000, 0.000, 0.408, 0.913]
- Rotation: in RPY (radian) [0.000, -0.000, 0.840]
- Rotation: in RPY (degree) [0.000, -0.000, 48.118]
- Matrix:
  0.668 -0.745  0.000 -6.097
  0.745  0.668  0.000  4.002
  0.000  0.000  1.000 -0.060
  0.000  0.000  0.000  1.000
At time 1773391583.682206000
- Translation: [-4.362, 4.136, -0.060]
- Rotation: in Quaternion (xyzw) [0.000, 0.000, -0.159, 0.987]
- Rotation: in RPY (radian) [0.000, 0.000, -0.320]
- Rotation: in RPY (degree) [0.000, 0.000, -18.316]
- Matrix:
  0.949  0.314  0.000 -4.362
 -0.314  0.949 -0.000  4.136
 -0.000  0.000  1.000 -0.060
  0.000  0.000  0.000  1.000
At time 1773391584.657194400
- Translation: [-1.053, 2.880, -0.060]
- Rotation: in Quaternion (xyzw) [0.000, 0.000, -0.174, 0.985]
- Rotation: in RPY (radian) [0.000, 0.000, -0.351]
- Rotation: in RPY (degree) [0.000, 0.000, -20.091]
- Matrix:
  0.939  0.344  0.000 -1.053
 -0.344  0.939 -0.000  2.880
 -0.000  0.000  1.000 -0.060
  0.000  0.000  0.000  1.000
At time 1773391585.682410500
- Translation: [1.815, 3.367, -0.060]
- Rotation: in Quaternion (xyzw) [-0.000, -0.000, 0.304, 0.953]
- Rotation: in RPY (radian) [-0.000, -0.000, 0.618]
- Rotation: in RPY (degree) [-0.000, -0.000, 35.412]
- Matrix:
  0.815 -0.579 -0.000  1.815
  0.579  0.815  0.000  3.367
  0.000 -0.000  1.000 -0.060
  0.000  0.000  0.000  1.000
At time 1773391586.682440900
- Translation: [4.839, 4.399, -0.060]
- Rotation: in Quaternion (xyzw) [0.000, 0.000, -0.209, 0.978]
- Rotation: in RPY (radian) [0.000, 0.000, -0.421]
- Rotation: in RPY (degree) [0.000, 0.000, -24.129]
- Matrix:
  0.913  0.409  0.000  4.839
 -0.409  0.913 -0.000  4.399
 -0.000  0.000  1.000 -0.060
  0.000  0.000  0.000  1.000
At time 1773391587.682564400
- Translation: [6.655, 2.314, -0.060]
- Rotation: in Quaternion (xyzw) [0.000, 0.000, -0.719, 0.695]
- Rotation: in RPY (radian) [0.000, 0.000, -1.604]
- Rotation: in RPY (degree) [0.000, 0.000, -91.911]
- Matrix:
 -0.033  0.999  0.000  6.655
 -0.999 -0.033 -0.000  2.314
 -0.000  0.000  1.000 -0.060
  0.000  0.000  0.000  1.000
At time 1773391588.682679500
- Translation: [5.123, 0.251, -0.060]
- Rotation: in Quaternion (xyzw) [0.000, 0.000, 0.993, -0.121]
- Rotation: in RPY (radian) [0.000, -0.000, -2.899]
- Rotation: in RPY (degree) [0.000, -0.000, -166.092]
- Matrix:
 -0.971  0.240  0.000  5.123
 -0.240 -0.971  0.000  0.251
  0.000  0.000  1.000 -0.060
  0.000  0.000  0.000  1.000
At time 1773391589.682859500
- Translation: [1.751, -0.297, -0.060]
- Rotation: in Quaternion (xyzw) [0.000, 0.000, 0.992, -0.129]
- Rotation: in RPY (radian) [0.000, -0.000, -2.882]
- Rotation: in RPY (degree) [0.000, -0.000, -165.150]
- Matrix:
 -0.967  0.256  0.000  1.751
 -0.256 -0.967  0.000 -0.297
  0.000  0.000  1.000 -0.060
  0.000  0.000  0.000  1.000
At time 1773391590.632991300
- Translation: [-2.253, -0.380, -0.060]
- Rotation: in Quaternion (xyzw) [0.000, 0.000, 0.996, 0.089]
- Rotation: in RPY (radian) [0.000, -0.000, 2.964]
- Rotation: in RPY (degree) [0.000, -0.000, 169.833]
- Matrix:
 -0.984 -0.177  0.000 -2.253
  0.177 -0.984  0.000 -0.380
  0.000  0.000  1.000 -0.060
  0.000  0.000  0.000  1.000
At time 1773391591.658079100
- Translation: [-5.507, -0.203, -0.060]
- Rotation: in Quaternion (xyzw) [0.000, 0.000, 0.963, 0.270]
- Rotation: in RPY (radian) [0.000, -0.000, 2.594]
- Rotation: in RPY (degree) [0.000, -0.000, 148.621]
- Matrix:
 -0.854 -0.521  0.000 -5.507
  0.521 -0.854  0.000 -0.203
  0.000  0.000  1.000 -0.060
  0.000  0.000  0.000  1.000
At time 1773391592.658168000
- Translation: [-5.743, 1.030, -0.060]
- Rotation: in Quaternion (xyzw) [0.000, 0.000, 0.479, 0.878]
- Rotation: in RPY (radian) [0.000, -0.000, 0.999]
- Rotation: in RPY (degree) [0.000, -0.000, 57.223]
- Matrix:
  0.541 -0.841  0.000 -5.743
  0.841  0.541  0.000  1.030
  0.000  0.000  1.000 -0.060
  0.000  0.000  0.000  1.000
At time 1773391593.658321200
- Translation: [-5.381, 2.234, -0.060]
- Rotation: in Quaternion (xyzw) [0.000, 0.000, 0.847, 0.531]
- Rotation: in RPY (radian) [0.000, -0.000, 2.021]
- Rotation: in RPY (degree) [0.000, -0.000, 115.814]
- Matrix:
 -0.435 -0.900  0.000 -5.381
  0.900 -0.435  0.000  2.234
  0.000  0.000  1.000 -0.060
  0.000  0.000  0.000  1.000
At time 1773391594.683471800
- Translation: [-6.490, 3.792, -0.060]
- Rotation: in Quaternion (xyzw) [0.000, 0.000, 0.688, 0.726]
- Rotation: in RPY (radian) [0.000, -0.000, 1.517]
- Rotation: in RPY (degree) [0.000, -0.000, 86.940]
- Matrix:
  0.053 -0.999  0.000 -6.490
  0.999  0.053  0.000  3.792
  0.000  0.000  1.000 -0.060
  0.000  0.000  0.000  1.000
At time 1773391595.683514100
- Translation: [-5.490, 4.668, -0.060]
- Rotation: in Quaternion (xyzw) [0.000, 0.000, -0.052, 0.999]
- Rotation: in RPY (radian) [0.000, 0.000, -0.104]
- Rotation: in RPY (degree) [0.000, 0.000, -5.982]
- Matrix:
  0.995  0.104  0.000 -5.490
 -0.104  0.995 -0.000  4.668
 -0.000  0.000  1.000 -0.060
  0.000  0.000  0.000  1.000
At time 1773391596.683672900
- Translation: [-2.776, 3.194, -0.060]
- Rotation: in Quaternion (xyzw) [0.000, 0.000, -0.234, 0.972]
- Rotation: in RPY (radian) [0.000, 0.000, -0.472]
- Rotation: in RPY (degree) [0.000, 0.000, -27.017]
- Matrix:
  0.891  0.454  0.000 -2.776
 -0.454  0.891 -0.000  3.194
 -0.000  0.000  1.000 -0.060
  0.000  0.000  0.000  1.000
At time 1773391597.658782600
- Translation: [0.213, 2.630, -0.060]
- Rotation: in Quaternion (xyzw) [-0.000, -0.000, 0.120, 0.993]
- Rotation: in RPY (radian) [-0.000, -0.000, 0.241]
- Rotation: in RPY (degree) [-0.000, -0.000, 13.783]
- Matrix:
  0.971 -0.238 -0.000  0.213
  0.238  0.971  0.000  2.630
  0.000 -0.000  1.000 -0.060
  0.000  0.000  0.000  1.000
At time 1773391598.683934900
- Translation: [3.437, 4.499, -0.060]
- Rotation: in Quaternion (xyzw) [-0.000, -0.000, 0.056, 0.998]
- Rotation: in RPY (radian) [-0.000, -0.000, 0.111]
- Rotation: in RPY (degree) [-0.000, -0.000, 6.383]
- Matrix:
  0.994 -0.111 -0.000  3.437
  0.111  0.994  0.000  4.499
  0.000 -0.000  1.000 -0.060
  0.000  0.000  0.000  1.000
At time 1773391599.659024400
- Translation: [6.207, 3.776, -0.060]
- Rotation: in Quaternion (xyzw) [0.000, 0.000, -0.472, 0.882]
- Rotation: in RPY (radian) [0.000, 0.000, -0.983]
- Rotation: in RPY (degree) [0.000, 0.000, -56.347]
- Matrix:
  0.554  0.832  0.000  6.207
 -0.832  0.554 -0.000  3.776
 -0.000  0.000  1.000 -0.060
  0.000  0.000  0.000  1.000
At time 1773391600.684176000
- Translation: [6.062, 1.149, -0.060]
- Rotation: in Quaternion (xyzw) [0.000, 0.000, 0.923, -0.384]
- Rotation: in RPY (radian) [0.000, -0.000, -2.354]
- Rotation: in RPY (degree) [0.000, -0.000, -134.875]
- Matrix:
 -0.706  0.709  0.000  6.062
 -0.709 -0.706  0.000  1.149
  0.000  0.000  1.000 -0.060
  0.000  0.000  0.000  1.000
At time 1773391601.684288700
- Translation: [2.094, -0.353, -0.060]
- Rotation: in Quaternion (xyzw) [0.000, 0.000, 1.000, -0.006]
- Rotation: in RPY (radian) [0.000, -0.000, -3.129]
- Rotation: in RPY (degree) [0.000, -0.000, -179.269]
- Matrix:
 -1.000  0.013  0.000  2.094
 -0.013 -1.000  0.000 -0.353
  0.000  0.000  1.000 -0.060
  0.000  0.000  0.000  1.000
At time 1773391602.684378900
- Translation: [-3.374, -0.398, -0.060]
- Rotation: in Quaternion (xyzw) [0.000, 0.000, 0.999, -0.036]
- Rotation: in RPY (radian) [0.000, -0.000, -3.070]
- Rotation: in RPY (degree) [0.000, -0.000, -175.870]
- Matrix:
 -0.997  0.072  0.000 -3.374
 -0.072 -0.997  0.000 -0.398
  0.000  0.000  1.000 -0.060
  0.000  0.000  0.000  1.000
At time 1773391603.684562100
- Translation: [-5.631, -0.217, -0.060]
- Rotation: in Quaternion (xyzw) [0.000, 0.000, 0.885, 0.465]
- Rotation: in RPY (radian) [0.000, -0.000, 2.174]
- Rotation: in RPY (degree) [0.000, -0.000, 124.549]
- Matrix:
 -0.567 -0.824  0.000 -5.631
  0.824 -0.567  0.000 -0.217
  0.000  0.000  1.000 -0.060
  0.000  0.000  0.000  1.000
At time 1773391604.659657200
- Translation: [-5.502, 1.515, -0.060]
- Rotation: in Quaternion (xyzw) [0.000, 0.000, 0.657, 0.754]
- Rotation: in RPY (radian) [0.000, -0.000, 1.434]
- Rotation: in RPY (degree) [0.000, -0.000, 82.190]
- Matrix:
  0.136 -0.991  0.000 -5.502
  0.991  0.136  0.000  1.515
  0.000  0.000  1.000 -0.060
  0.000  0.000  0.000  1.000
At time 1773391605.684765600
- Translation: [-6.092, 3.268, -0.060]
- Rotation: in Quaternion (xyzw) [0.000, 0.000, 0.648, 0.762]
- Rotation: in RPY (radian) [0.000, -0.000, 1.410]
- Rotation: in RPY (degree) [0.000, -0.000, 80.779]
- Matrix:
  0.160 -0.987  0.000 -6.092
  0.987  0.160  0.000  3.268
  0.000  0.000  1.000 -0.060
  0.000  0.000  0.000  1.000
At time 1773391606.684826600
- Translation: [-4.725, 4.158, -0.060]
- Rotation: in Quaternion (xyzw) [0.000, 0.000, -0.093, 0.996]
- Rotation: in RPY (radian) [0.000, 0.000, -0.187]
- Rotation: in RPY (degree) [0.000, 0.000, -10.705]
- Matrix:
  0.983  0.186  0.000 -4.725
 -0.186  0.983 -0.000  4.158
 -0.000  0.000  1.000 -0.060
  0.000  0.000  0.000  1.000
At time 1773391607.684919600
- Translation: [-1.474, 3.036, -0.060]
- Rotation: in Quaternion (xyzw) [0.000, 0.000, -0.215, 0.977]
- Rotation: in RPY (radian) [0.000, 0.000, -0.433]
- Rotation: in RPY (degree) [0.000, 0.000, -24.819]
- Matrix:
  0.908  0.420  0.000 -1.474
 -0.420  0.908 -0.000  3.036
 -0.000  0.000  1.000 -0.060
  0.000  0.000  0.000  1.000
At time 1773391608.685184200
- Translation: [2.089, 2.890, -0.060]
- Rotation: in Quaternion (xyzw) [-0.000, -0.000, 0.238, 0.971]
- Rotation: in RPY (radian) [-0.000, -0.000, 0.481]
- Rotation: in RPY (degree) [-0.000, -0.000, 27.576]
- Matrix:
  0.886 -0.463 -0.000  2.089
  0.463  0.886  0.000  2.890
  0.000 -0.000  1.000 -0.060
  0.000  0.000  0.000  1.000
At time 1773391609.685186600
- Translation: [5.627, 4.072, -0.060]
- Rotation: in Quaternion (xyzw) [0.000, 0.000, -0.146, 0.989]
- Rotation: in RPY (radian) [0.000, 0.000, -0.294]
- Rotation: in RPY (degree) [0.000, 0.000, -16.832]
- Matrix:
  0.957  0.290  0.000  5.627
 -0.290  0.957 -0.000  4.072
 -0.000  0.000  1.000 -0.060
  0.000  0.000  0.000  1.000
At time 1773391610.660295400
- Translation: [7.074, 3.069, -0.060]
- Rotation: in Quaternion (xyzw) [0.000, 0.000, -0.755, 0.656]
- Rotation: in RPY (radian) [0.000, 0.000, -1.711]
- Rotation: in RPY (degree) [0.000, 0.000, -98.044]
- Matrix:
 -0.140  0.990  0.000  7.074
 -0.990 -0.140 -0.000  3.069
 -0.000  0.000  1.000 -0.060
  0.000  0.000  0.000  1.000
At time 1773391611.685446300
- Translation: [4.976, 0.495, -0.060]
- Rotation: in Quaternion (xyzw) [0.000, 0.000, 0.964, -0.265]
- Rotation: in RPY (radian) [0.000, -0.000, -2.606]
- Rotation: in RPY (degree) [0.000, -0.000, -149.288]
- Matrix:
 -0.860  0.511  0.000  4.976
 -0.511 -0.860  0.000  0.495
  0.000  0.000  1.000 -0.060
  0.000  0.000  0.000  1.000
At time 1773391612.660596000
- Translation: [1.106, -0.115, -0.060]
- Rotation: in Quaternion (xyzw) [0.000, 0.000, 0.998, 0.066]
- Rotation: in RPY (radian) [0.000, -0.000, 3.010]
- Rotation: in RPY (degree) [0.000, -0.000, 172.449]
- Matrix:
 -0.991 -0.131  0.000  1.106
  0.131 -0.991  0.000 -0.115
  0.000  0.000  1.000 -0.060
  0.000  0.000  0.000  1.000
At time 1773391613.660638200
- Translation: [-3.639, 0.089, -0.060]
- Rotation: in Quaternion (xyzw) [0.000, 0.000, 0.987, -0.163]
- Rotation: in RPY (radian) [0.000, -0.000, -2.814]
- Rotation: in RPY (degree) [0.000, -0.000, -161.221]
- Matrix:
 -0.947  0.322  0.000 -3.639
 -0.322 -0.947  0.000  0.089
  0.000  0.000  1.000 -0.060
  0.000  0.000  0.000  1.000
At time 1773391614.660701100
- Translation: [-5.847, 0.115, -0.060]
- Rotation: in Quaternion (xyzw) [0.000, 0.000, 0.917, 0.400]
- Rotation: in RPY (radian) [0.000, -0.000, 2.319]
- Rotation: in RPY (degree) [0.000, -0.000, 132.865]
- Matrix:
 -0.680 -0.733  0.000 -5.847
  0.733 -0.680  0.000  0.115
  0.000  0.000  1.000 -0.060
  0.000  0.000  0.000  1.000
At time 1773391615.685872500
- Translation: [-5.842, 1.357, -0.060]
- Rotation: in Quaternion (xyzw) [-0.000, -0.000, 0.416, 0.909]
- Rotation: in RPY (radian) [-0.000, -0.000, 0.858]
- Rotation: in RPY (degree) [-0.000, -0.000, 49.148]
- Matrix:
  0.654 -0.756 -0.000 -5.842
  0.756  0.654  0.000  1.357
  0.000 -0.000  1.000 -0.060
  0.000  0.000  0.000  1.000
At time 1773391616.686062500
- Translation: [-5.338, 2.865, -0.060]
- Rotation: in Quaternion (xyzw) [0.000, 0.000, 0.870, 0.493]
- Rotation: in RPY (radian) [0.000, -0.000, 2.111]
- Rotation: in RPY (degree) [0.000, -0.000, 120.924]
- Matrix:
 -0.514 -0.858  0.000 -5.338
  0.858 -0.514  0.000  2.865
  0.000  0.000  1.000 -0.060
  0.000  0.000  0.000  1.000
At time 1773391617.661128600
- Translation: [-5.997, 3.672, -0.060]
- Rotation: in Quaternion (xyzw) [0.000, 0.000, 0.750, 0.662]
- Rotation: in RPY (radian) [0.000, -0.000, 1.695]
- Rotation: in RPY (degree) [0.000, -0.000, 97.117]
- Matrix:
 -0.124 -0.992  0.000 -5.997
  0.992 -0.124  0.000  3.672
  0.000  0.000  1.000 -0.060
  0.000  0.000  0.000  1.000
At time 1773391618.686238100
- Translation: [-5.080, 4.766, -0.060]
- Rotation: in Quaternion (xyzw) [0.000, 0.000, -0.028, 1.000]
- Rotation: in RPY (radian) [0.000, 0.000, -0.055]
- Rotation: in RPY (degree) [0.000, 0.000, -3.178]
- Matrix:
  0.998  0.055  0.000 -5.080
 -0.055  0.998 -0.000  4.766
 -0.000  0.000  1.000 -0.060
  0.000  0.000  0.000  1.000
At time 1773391619.686275000
- Translation: [-2.510, 3.205, -0.060]
- Rotation: in Quaternion (xyzw) [0.000, 0.000, -0.256, 0.967]
- Rotation: in RPY (radian) [0.000, 0.000, -0.519]
- Rotation: in RPY (degree) [0.000, 0.000, -29.714]
- Matrix:
  0.869  0.496  0.000 -2.510
 -0.496  0.869 -0.000  3.205
 -0.000  0.000  1.000 -0.060
  0.000  0.000  0.000  1.000
At time 1773391620.686488400
- Translation: [1.333, 2.449, -0.060]
- Rotation: in Quaternion (xyzw) [-0.000, -0.000, 0.170, 0.985]
- Rotation: in RPY (radian) [-0.000, -0.000, 0.342]
- Rotation: in RPY (degree) [-0.000, -0.000, 19.575]
- Matrix:
  0.942 -0.335 -0.000  1.333
  0.335  0.942  0.000  2.449
  0.000 -0.000  1.000 -0.060
  0.000  0.000  0.000  1.000
At time 1773391621.661502400
- Translation: [3.808, 3.855, -0.060]
- Rotation: in Quaternion (xyzw) [-0.000, -0.000, 0.017, 1.000]
- Rotation: in RPY (radian) [-0.000, -0.000, 0.034]
- Rotation: in RPY (degree) [-0.000, -0.000, 1.929]
- Matrix:
  0.999 -0.034 -0.000  3.808
  0.034  0.999  0.000  3.855
  0.000 -0.000  1.000 -0.060
  0.000  0.000  0.000  1.000
At time 1773391622.661722900
- Translation: [6.685, 2.316, -0.060]
- Rotation: in Quaternion (xyzw) [0.000, 0.000, -0.516, 0.856]
- Rotation: in RPY (radian) [0.000, 0.000, -1.085]
- Rotation: in RPY (degree) [0.000, 0.000, -62.169]
- Matrix:
  0.467  0.884  0.000  6.685
 -0.884  0.467 -0.000  2.316
 -0.000  0.000  1.000 -0.060
  0.000  0.000  0.000  1.000
At time 1773391623.686804000
- Translation: [6.359, -0.013, -0.060]
- Rotation: in Quaternion (xyzw) [0.000, 0.000, 0.955, -0.298]
- Rotation: in RPY (radian) [0.000, -0.000, -2.536]
- Rotation: in RPY (degree) [0.000, -0.000, -145.305]
- Matrix:
 -0.822  0.569  0.000  6.359
 -0.569 -0.822  0.000 -0.013
  0.000  0.000  1.000 -0.060
  0.000  0.000  0.000  1.000
At time 1773391624.661936900
- Translation: [3.202, -0.188, -0.060]
- Rotation: in Quaternion (xyzw) [0.000, 0.000, 1.000, 0.010]
- Rotation: in RPY (radian) [0.000, -0.000, 3.121]
- Rotation: in RPY (degree) [0.000, -0.000, 178.824]
- Matrix:
 -1.000 -0.021  0.000  3.202
  0.021 -1.000  0.000 -0.188
  0.000  0.000  1.000 -0.060
  0.000  0.000  0.000  1.000
At time 1773391625.687067400
- Translation: [-2.262, -0.568, -0.060]
- Rotation: in Quaternion (xyzw) [0.000, 0.000, 0.996, 0.091]
- Rotation: in RPY (radian) [0.000, -0.000, 2.959]
- Rotation: in RPY (degree) [0.000, -0.000, 169.513]
- Matrix:
 -0.983 -0.182  0.000 -2.262
  0.182 -0.983  0.000 -0.568
  0.000  0.000  1.000 -0.060
  0.000  0.000  0.000  1.000
At time 1773391626.687138100
- Translation: [-5.441, -0.150, -0.060]
- Rotation: in Quaternion (xyzw) [0.000, 0.000, 0.994, -0.113]
- Rotation: in RPY (radian) [0.000, -0.000, -2.915]
- Rotation: in RPY (degree) [0.000, -0.000, -167.036]
- Matrix:
 -0.975  0.224  0.000 -5.441
 -0.224 -0.975  0.000 -0.150
  0.000  0.000  1.000 -0.060
  0.000  0.000  0.000  1.000
At time 1773391627.662153000
- Translation: [-6.220, 0.244, -0.060]
- Rotation: in Quaternion (xyzw) [0.000, 0.000, 0.839, 0.545]
- Rotation: in RPY (radian) [0.000, -0.000, 1.989]
- Rotation: in RPY (degree) [0.000, -0.000, 113.976]
- Matrix:
 -0.406 -0.914  0.000 -6.220
  0.914 -0.406  0.000  0.244
  0.000  0.000  1.000 -0.060
  0.000  0.000  0.000  1.000
At time 1773391628.662339200
- Translation: [-5.870, 1.444, -0.060]
- Rotation: in Quaternion (xyzw) [0.000, 0.000, 0.499, 0.867]
- Rotation: in RPY (radian) [0.000, -0.000, 1.044]
- Rotation: in RPY (degree) [0.000, -0.000, 59.811]
- Matrix:
  0.503 -0.864  0.000 -5.870
  0.864  0.503  0.000  1.444
  0.000  0.000  1.000 -0.060
  0.000  0.000  0.000  1.000
At time 1773391629.662524700
- Translation: [-5.452, 2.670, -0.060]
- Rotation: in Quaternion (xyzw) [0.000, 0.000, 0.827, 0.562]
- Rotation: in RPY (radian) [0.000, -0.000, 1.948]
- Rotation: in RPY (degree) [0.000, -0.000, 111.630]
- Matrix:
 -0.369 -0.930  0.000 -5.452
  0.930 -0.369  0.000  2.670
  0.000  0.000  1.000 -0.060
  0.000  0.000  0.000  1.000
At time 1773391630.662623700
- Translation: [-5.903, 3.751, -0.060]
- Rotation: in Quaternion (xyzw) [0.000, 0.000, 0.619, 0.786]
- Rotation: in RPY (radian) [0.000, -0.000, 1.334]
- Rotation: in RPY (degree) [0.000, -0.000, 76.426]
- Matrix:
  0.235 -0.972  0.000 -5.903
  0.972  0.235  0.000  3.751
  0.000  0.000  1.000 -0.060
  0.000  0.000  0.000  1.000
At time 1773391631.687711500
- Translation: [-4.452, 4.493, -0.060]
- Rotation: in Quaternion (xyzw) [0.000, 0.000, -0.110, 0.994]
- Rotation: in RPY (radian) [0.000, 0.000, -0.220]
- Rotation: in RPY (degree) [0.000, 0.000, -12.582]
- Matrix:
  0.976  0.218  0.000 -4.452
 -0.218  0.976 -0.000  4.493
 -0.000  0.000  1.000 -0.060
  0.000  0.000  0.000  1.000
At time 1773391632.687747400
- Translation: [-1.364, 2.957, -0.060]
- Rotation: in Quaternion (xyzw) [0.000, 0.000, -0.232, 0.973]
- Rotation: in RPY (radian) [0.000, 0.000, -0.469]
- Rotation: in RPY (degree) [0.000, 0.000, -26.875]
- Matrix:
  0.892  0.452  0.000 -1.364
 -0.452  0.892 -0.000  2.957
 -0.000  0.000  1.000 -0.060
  0.000  0.000  0.000  1.000
At time 1773391633.687868500
- Translation: [1.637, 3.222, -0.060]
- Rotation: in Quaternion (xyzw) [-0.000, -0.000, 0.290, 0.957]
- Rotation: in RPY (radian) [-0.000, -0.000, 0.588]
- Rotation: in RPY (degree) [-0.000, -0.000, 33.678]
- Matrix:
  0.832 -0.555 -0.000  1.637
  0.555  0.832  0.000  3.222
  0.000 -0.000  1.000 -0.060
  0.000  0.000  0.000  1.000
At time 1773391634.688075400
- Translation: [5.962, 4.744, -0.060]
- Rotation: in Quaternion (xyzw) [0.000, 0.000, -0.156, 0.988]
- Rotation: in RPY (radian) [0.000, 0.000, -0.313]
- Rotation: in RPY (degree) [0.000, 0.000, -17.908]
- Matrix:
  0.952  0.307  0.000  5.962
 -0.307  0.952 -0.000  4.744
 -0.000  0.000  1.000 -0.060
  0.000  0.000  0.000  1.000
At time 1773391635.663091000
- Translation: [7.384, 4.144, -0.060]
- Rotation: in Quaternion (xyzw) [0.000, 0.000, -0.701, 0.713]
- Rotation: in RPY (radian) [0.000, 0.000, -1.555]
- Rotation: in RPY (degree) [0.000, 0.000, -89.093]
- Matrix:
  0.016  1.000  0.000  7.384
 -1.000  0.016 -0.000  4.144
 -0.000  0.000  1.000 -0.060
  0.000  0.000  0.000  1.000
At time 1773391636.688169300
- Translation: [6.402, 1.618, -0.060]
- Rotation: in Quaternion (xyzw) [0.000, 0.000, 0.870, -0.493]
- Rotation: in RPY (radian) [0.000, -0.000, -2.109]
- Rotation: in RPY (degree) [0.000, -0.000, -120.862]
- Matrix:
 -0.513  0.858  0.000  6.402
 -0.858 -0.513  0.000  1.618
  0.000  0.000  1.000 -0.060
  0.000  0.000  0.000  1.000
At time 1773391637.688342300
- Translation: [3.950, -0.003, -0.060]
- Rotation: in Quaternion (xyzw) [0.000, 0.000, 0.988, -0.157]
- Rotation: in RPY (radian) [0.000, -0.000, -2.825]
- Rotation: in RPY (degree) [0.000, -0.000, -161.885]
- Matrix:
 -0.950  0.311  0.000  3.950
 -0.311 -0.950  0.000 -0.003
  0.000  0.000  1.000 -0.060
  0.000  0.000  0.000  1.000
At time 1773391638.688449800
- Translation: [0.023, -0.325, -0.060]
- Rotation: in Quaternion (xyzw) [0.000, 0.000, 1.000, 0.021]
- Rotation: in RPY (radian) [0.000, -0.000, 3.100]
- Rotation: in RPY (degree) [0.000, -0.000, 177.645]
- Matrix:
 -0.999 -0.041  0.000  0.023
  0.041 -0.999  0.000 -0.325
  0.000  0.000  1.000 -0.060
  0.000  0.000  0.000  1.000
At time 1773391639.688496300
- Translation: [-3.921, -0.589, -0.060]
- Rotation: in Quaternion (xyzw) [0.000, 0.000, 0.999, 0.053]
- Rotation: in RPY (radian) [0.000, -0.000, 3.035]
- Rotation: in RPY (degree) [0.000, -0.000, 173.871]
- Matrix:
 -0.994 -0.107  0.000 -3.921
  0.107 -0.994  0.000 -0.589
  0.000  0.000  1.000 -0.060
  0.000  0.000  0.000  1.000
At time 1773391640.688666400
- Translation: [-6.018, 0.243, -0.060]
- Rotation: in Quaternion (xyzw) [0.000, 0.000, 0.810, 0.586]
- Rotation: in RPY (radian) [0.000, -0.000, 1.890]
- Rotation: in RPY (degree) [0.000, -0.000, 108.287]
- Matrix:
 -0.314 -0.949  0.000 -6.018
  0.949 -0.314  0.000  0.243
  0.000  0.000  1.000 -0.060
  0.000  0.000  0.000  1.000
At time 1773391641.663840700
- Translation: [-5.550, 1.617, -0.060]
- Rotation: in Quaternion (xyzw) [0.000, 0.000, 0.480, 0.877]
- Rotation: in RPY (radian) [0.000, -0.000, 1.002]
- Rotation: in RPY (degree) [0.000, -0.000, 57.423]
- Matrix:
  0.538 -0.843  0.000 -5.550
  0.843  0.538  0.000  1.617
  0.000  0.000  1.000 -0.060
  0.000  0.000  0.000  1.000
At time 1773391642.663915200
- Translation: [-5.464, 2.611, -0.060]
- Rotation: in Quaternion (xyzw) [0.000, 0.000, 0.874, 0.485]
- Rotation: in RPY (radian) [0.000, -0.000, 2.128]
- Rotation: in RPY (degree) [0.000, -0.000, 121.953]
- Matrix:
 -0.529 -0.848  0.000 -5.464
  0.848 -0.529  0.000  2.611
  0.000  0.000  1.000 -0.060
  0.000  0.000  0.000  1.000
At time 1773391643.663983400
- Translation: [-6.043, 3.982, -0.060]
- Rotation: in Quaternion (xyzw) [0.000, 0.000, 0.534, 0.846]
- Rotation: in RPY (radian) [0.000, -0.000, 1.126]
- Rotation: in RPY (degree) [0.000, -0.000, 64.536]
- Matrix:
  0.430 -0.903  0.000 -6.043
  0.903  0.430  0.000  3.982
  0.000  0.000  1.000 -0.060
  0.000  0.000  0.000  1.000
At time 1773391644.689078900
- Translation: [-4.498, 4.380, -0.060]
- Rotation: in Quaternion (xyzw) [0.000, 0.000, -0.181, 0.983]
- Rotation: in RPY (radian) [0.000, 0.000, -0.364]
- Rotation: in RPY (degree) [0.000, 0.000, -20.861]
- Matrix:
  0.934  0.356  0.000 -4.498
 -0.356  0.934 -0.000  4.380
 -0.000  0.000  1.000 -0.060
  0.000  0.000  0.000  1.000
At time 1773391645.689145000
- Translation: [-1.249, 2.977, -0.060]
- Rotation: in Quaternion (xyzw) [0.000, 0.000, -0.167, 0.986]
- Rotation: in RPY (radian) [0.000, 0.000, -0.336]
- Rotation: in RPY (degree) [0.000, 0.000, -19.262]
- Matrix:
  0.944  0.330  0.000 -1.249
 -0.330  0.944 -0.000  2.977
 -0.000  0.000  1.000 -0.060
  0.000  0.000  0.000  1.000
At time 1773391646.689322400
- Translation: [2.454, 3.161, -0.060]
- Rotation: in Quaternion (xyzw) [-0.000, -0.000, 0.204, 0.979]
- Rotation: in RPY (radian) [-0.000, -0.000, 0.411]
- Rotation: in RPY (degree) [-0.000, -0.000, 23.540]
- Matrix:
  0.917 -0.399 -0.000  2.454
  0.399  0.917  0.000  3.161
  0.000 -0.000  1.000 -0.060
  0.000  0.000  0.000  1.000
At time 1773391647.689494100
- Translation: [5.711, 3.316, -0.060]
- Rotation: in Quaternion (xyzw) [0.000, 0.000, -0.390, 0.921]
- Rotation: in RPY (radian) [0.000, 0.000, -0.802]
- Rotation: in RPY (degree) [0.000, 0.000, -45.926]
- Matrix:
  0.696  0.718  0.000  5.711
 -0.718  0.696 -0.000  3.316
 -0.000  0.000  1.000 -0.060
  0.000  0.000  0.000  1.000
At time 1773391648.689501900
- Translation: [6.198, 1.165, -0.060]
- Rotation: in Quaternion (xyzw) [0.000, 0.000, 0.867, -0.499]
- Rotation: in RPY (radian) [0.000, -0.000, -2.097]
- Rotation: in RPY (degree) [0.000, -0.000, -120.123]
- Matrix:
 -0.502  0.865  0.000  6.198
 -0.865 -0.502  0.000  1.165
  0.000  0.000  1.000 -0.060
  0.000  0.000  0.000  1.000
At time 1773391649.689673800
- Translation: [3.217, -0.672, -0.060]
- Rotation: in Quaternion (xyzw) [0.000, 0.000, 1.000, 0.001]
- Rotation: in RPY (radian) [0.000, -0.000, 3.140]
- Rotation: in RPY (degree) [0.000, -0.000, 179.925]
- Matrix:
 -1.000 -0.001  0.000  3.217
  0.001 -1.000  0.000 -0.672
  0.000  0.000  1.000 -0.060
  0.000  0.000  0.000  1.000
At time 1773391650.689761200
- Translation: [-0.797, -0.402, -0.060]
- Rotation: in Quaternion (xyzw) [0.000, 0.000, 1.000, -0.027]
- Rotation: in RPY (radian) [0.000, -0.000, -3.088]
- Rotation: in RPY (degree) [0.000, -0.000, -176.953]
- Matrix:
 -0.999  0.053  0.000 -0.797
 -0.053 -0.999  0.000 -0.402
  0.000  0.000  1.000 -0.060
  0.000  0.000  0.000  1.000
At time 1773391651.689918000
- Translation: [-4.425, -0.446, -0.060]
- Rotation: in Quaternion (xyzw) [0.000, 0.000, 0.998, 0.069]
- Rotation: in RPY (radian) [0.000, -0.000, 3.004]
- Rotation: in RPY (degree) [0.000, -0.000, 172.090]
- Matrix:
 -0.990 -0.138  0.000 -4.425
  0.138 -0.990  0.000 -0.446
  0.000  0.000  1.000 -0.060
  0.000  0.000  0.000  1.000
At time 1773391652.690000400
- Translation: [-5.643, 0.440, -0.060]
- Rotation: in Quaternion (xyzw) [0.000, 0.000, 0.883, 0.470]
- Rotation: in RPY (radian) [0.000, -0.000, 2.163]
- Rotation: in RPY (degree) [0.000, -0.000, 123.924]
- Matrix:
 -0.558 -0.830  0.000 -5.643
  0.830 -0.558  0.000  0.440
  0.000  0.000  1.000 -0.060
  0.000  0.000  0.000  1.000
At time 1773391653.690027300
- Translation: [-5.480, 1.776, -0.060]
- Rotation: in Quaternion (xyzw) [0.000, 0.000, 0.532, 0.847]
- Rotation: in RPY (radian) [0.000, -0.000, 1.122]
- Rotation: in RPY (degree) [0.000, -0.000, 64.266]
- Matrix:
  0.434 -0.901  0.000 -5.480
  0.901  0.434  0.000  1.776
  0.000  0.000  1.000 -0.060
  0.000  0.000  0.000  1.000
At time 1773391654.690121700
- Translation: [-5.900, 3.201, -0.060]
- Rotation: in Quaternion (xyzw) [0.000, 0.000, 0.877, 0.481]
- Rotation: in RPY (radian) [0.000, -0.000, 2.138]
- Rotation: in RPY (degree) [0.000, -0.000, 122.477]
- Matrix:
 -0.537 -0.844  0.000 -5.900
  0.844 -0.537  0.000  3.201
  0.000  0.000  1.000 -0.060
  0.000  0.000  0.000  1.000
At time 1773391655.690256900
- Translation: [-5.951, 4.334, -0.060]
- Rotation: in Quaternion (xyzw) [-0.000, -0.000, 0.383, 0.924]
- Rotation: in RPY (radian) [-0.000, -0.000, 0.785]
- Rotation: in RPY (degree) [-0.000, -0.000, 44.986]
- Matrix:
  0.707 -0.707 -0.000 -5.951
  0.707  0.707  0.000  4.334
  0.000 -0.000  1.000 -0.060
  0.000  0.000  0.000  1.000
At time 1773391656.665438200
- Translation: [-3.940, 4.392, -0.060]
- Rotation: in Quaternion (xyzw) [0.000, 0.000, -0.284, 0.959]
- Rotation: in RPY (radian) [0.000, 0.000, -0.575]
- Rotation: in RPY (degree) [0.000, 0.000, -32.955]
- Matrix:
  0.839  0.544  0.000 -3.940
 -0.544  0.839 -0.000  4.392
 -0.000  0.000  1.000 -0.060
  0.000  0.000  0.000  1.000
At time 1773391657.690500400
- Translation: [-0.907, 2.659, -0.060]
- Rotation: in Quaternion (xyzw) [0.000, 0.000, -0.003, 1.000]
- Rotation: in RPY (radian) [0.000, 0.000, -0.006]
- Rotation: in RPY (degree) [0.000, 0.000, -0.367]
- Matrix:
  1.000  0.006  0.000 -0.907
 -0.006  1.000 -0.000  2.659
 -0.000  0.000  1.000 -0.060
  0.000  0.000  0.000  1.000
At time 1773391658.690615900
- Translation: [3.007, 3.932, -0.060]
- Rotation: in Quaternion (xyzw) [-0.000, -0.000, 0.250, 0.968]
- Rotation: in RPY (radian) [-0.000, -0.000, 0.506]
- Rotation: in RPY (degree) [-0.000, -0.000, 28.996]
- Matrix:
  0.875 -0.485 -0.000  3.007
  0.485  0.875  0.000  3.932
  0.000 -0.000  1.000 -0.060
  0.000  0.000  0.000  1.000
At time 1773391659.665656800
- Translation: [6.353, 4.913, -0.060]
- Rotation: in Quaternion (xyzw) [0.000, 0.000, -0.371, 0.929]
- Rotation: in RPY (radian) [0.000, 0.000, -0.761]
- Rotation: in RPY (degree) [0.000, 0.000, -43.574]
- Matrix:
  0.724  0.689  0.000  6.353
 -0.689  0.724 -0.000  4.913
 -0.000  0.000  1.000 -0.060
  0.000  0.000  0.000  1.000
At time 1773391660.665769900
- Translation: [7.138, 3.030, -0.060]
- Rotation: in Quaternion (xyzw) [0.000, 0.000, -0.858, 0.514]
- Rotation: in RPY (radian) [0.000, 0.000, -2.062]
- Rotation: in RPY (degree) [0.000, 0.000, -118.144]
- Matrix:
 -0.472  0.882  0.000  7.138
 -0.882 -0.472 -0.000  3.030
 -0.000  0.000  1.000 -0.060
  0.000  0.000  0.000  1.000
At time 1773391661.690868300
- Translation: [4.605, 0.380, -0.060]
- Rotation: in Quaternion (xyzw) [0.000, 0.000, 0.975, -0.220]
- Rotation: in RPY (radian) [0.000, -0.000, -2.697]
- Rotation: in RPY (degree) [0.000, -0.000, -154.530]
- Matrix:
 -0.903  0.430  0.000  4.605
 -0.430 -0.903  0.000  0.380
  0.000  0.000  1.000 -0.060
  0.000  0.000  0.000  1.000
At time 1773391662.691020700
- Translation: [2.155, -0.271, -0.060]
- Rotation: in Quaternion (xyzw) [0.000, 0.000, 0.997, -0.079]
- Rotation: in RPY (radian) [0.000, -0.000, -2.983]
- Rotation: in RPY (degree) [0.000, -0.000, -170.913]
- Matrix:
 -0.987  0.158  0.000  2.155
 -0.158 -0.987  0.000 -0.271
  0.000  0.000  1.000 -0.060
  0.000  0.000  0.000  1.000
At time 1773391663.691087800
- Translation: [1.961, -0.308, -0.060]
- Rotation: in Quaternion (xyzw) [0.000, 0.000, 0.997, -0.073]
- Rotation: in RPY (radian) [0.000, -0.000, -2.996]
- Rotation: in RPY (degree) [0.000, -0.000, -171.657]
- Matrix:
 -0.989  0.145  0.000  1.961
 -0.145 -0.989  0.000 -0.308
  0.000  0.000  1.000 -0.060
  0.000  0.000  0.000  1.000
At time 1773391664.691225800
- Translation: [1.953, -0.307, -0.060]
- Rotation: in Quaternion (xyzw) [0.000, 0.000, 0.997, -0.073]
- Rotation: in RPY (radian) [0.000, -0.000, -2.996]
- Rotation: in RPY (degree) [0.000, -0.000, -171.672]
- Matrix:
 -0.989  0.145  0.000  1.953
 -0.145 -0.989  0.000 -0.307
  0.000  0.000  1.000 -0.060
  0.000  0.000  0.000  1.000
At time 1773391665.691370700
- Translation: [1.973, -0.303, -0.060]
- Rotation: in Quaternion (xyzw) [0.000, 0.000, 0.997, -0.073]
- Rotation: in RPY (radian) [0.000, -0.000, -2.996]
- Rotation: in RPY (degree) [0.000, -0.000, -171.665]
- Matrix:
 -0.989  0.145  0.000  1.973
 -0.145 -0.989  0.000 -0.303
  0.000  0.000  1.000 -0.060
  0.000  0.000  0.000  1.000
At time 1773391666.691464000
- Translation: [1.956, -0.302, -0.060]
- Rotation: in Quaternion (xyzw) [0.000, 0.000, 0.997, -0.073]
- Rotation: in RPY (radian) [0.000, -0.000, -2.996]
- Rotation: in RPY (degree) [0.000, -0.000, -171.659]
- Matrix:
 -0.989  0.145  0.000  1.956
 -0.145 -0.989  0.000 -0.302
  0.000  0.000  1.000 -0.060
  0.000  0.000  0.000  1.000
At time 1773391666.916487500
- Translation: [1.950, -0.304, -0.060]
- Rotation: in Quaternion (xyzw) [0.000, 0.000, 0.997, -0.073]
- Rotation: in RPY (radian) [0.000, -0.000, -2.996]
- Rotation: in RPY (degree) [0.000, -0.000, -171.654]
- Matrix:
 -0.989  0.145  0.000  1.950
 -0.145 -0.989  0.000 -0.304
  0.000  0.000  1.000 -0.060
  0.000  0.000  0.000  1.000
At time 1773391666.916487500
- Translation: [1.950, -0.304, -0.060]
- Rotation: in Quaternion (xyzw) [0.000, 0.000, 0.997, -0.073]
- Rotation: in RPY (radian) [0.000, -0.000, -2.996]
- Rotation: in RPY (degree) [0.000, -0.000, -171.654]
- Matrix:
 -0.989  0.145  0.000  1.950
 -0.145 -0.989  0.000 -0.304
  0.000  0.000  1.000 -0.060
  0.000  0.000  0.000  1.000
At time 1773391666.916487500
- Translation: [1.950, -0.304, -0.060]
- Rotation: in Quaternion (xyzw) [0.000, 0.000, 0.997, -0.073]
- Rotation: in RPY (radian) [0.000, -0.000, -2.996]
- Rotation: in RPY (degree) [0.000, -0.000, -171.654]
- Matrix:
 -0.989  0.145  0.000  1.950
 -0.145 -0.989  0.000 -0.304
  0.000  0.000  1.000 -0.060
  0.000  0.000  0.000  1.000
[INFO] [1778816019.337782546] [rclcpp]: signal_handler(SIGINT/SIGTERM)
[INFO] [1778816019.340542782] [rclcpp]: signal_handler(SIGINT/SIGTERM)
